<?xml version="1.0"?>
<link_info>
   <banner>TI ARM Linker PC v15.12.3.LTS</banner>
   <copyright>Copyright (c) 1996-2015 Texas Instruments Incorporated</copyright>
   <link_time>0x5849614c</link_time>
   <link_errors>0x0</link_errors>
   <output_file>BOOSTXL-EDUMKII_JoyStick_MSP432P401R.out</output_file>
   <entry_point>
      <name>_c_int00</name>
      <address>0x7621</address>
   </entry_point>
   <input_file_list>
      <input_file id="fl-2">
         <path>.\</path>
         <kind>object</kind>
         <file>main.obj</file>
         <name>main.obj</name>
      </input_file>
      <input_file id="fl-3">
         <path>.\</path>
         <kind>object</kind>
         <file>startup_msp432p401r_ccs.obj</file>
         <name>startup_msp432p401r_ccs.obj</name>
      </input_file>
      <input_file id="fl-4">
         <path>.\</path>
         <kind>object</kind>
         <file>system_msp432p401r.obj</file>
         <name>system_msp432p401r.obj</name>
      </input_file>
      <input_file id="fl-5">
         <path>.\GrLib\fonts\</path>
         <kind>object</kind>
         <file>fontfixed6x8.obj</file>
         <name>fontfixed6x8.obj</name>
      </input_file>
      <input_file id="fl-6">
         <path>.\GrLib\grlib\</path>
         <kind>object</kind>
         <file>button.obj</file>
         <name>button.obj</name>
      </input_file>
      <input_file id="fl-7">
         <path>.\GrLib\grlib\</path>
         <kind>object</kind>
         <file>checkbox.obj</file>
         <name>checkbox.obj</name>
      </input_file>
      <input_file id="fl-8">
         <path>.\GrLib\grlib\</path>
         <kind>object</kind>
         <file>circle.obj</file>
         <name>circle.obj</name>
      </input_file>
      <input_file id="fl-9">
         <path>.\GrLib\grlib\</path>
         <kind>object</kind>
         <file>context.obj</file>
         <name>context.obj</name>
      </input_file>
      <input_file id="fl-a">
         <path>.\GrLib\grlib\</path>
         <kind>object</kind>
         <file>display.obj</file>
         <name>display.obj</name>
      </input_file>
      <input_file id="fl-b">
         <path>.\GrLib\grlib\</path>
         <kind>object</kind>
         <file>image.obj</file>
         <name>image.obj</name>
      </input_file>
      <input_file id="fl-c">
         <path>.\GrLib\grlib\</path>
         <kind>object</kind>
         <file>imageButton.obj</file>
         <name>imageButton.obj</name>
      </input_file>
      <input_file id="fl-d">
         <path>.\GrLib\grlib\</path>
         <kind>object</kind>
         <file>line.obj</file>
         <name>line.obj</name>
      </input_file>
      <input_file id="fl-e">
         <path>.\GrLib\grlib\</path>
         <kind>object</kind>
         <file>radioButton.obj</file>
         <name>radioButton.obj</name>
      </input_file>
      <input_file id="fl-f">
         <path>.\GrLib\grlib\</path>
         <kind>object</kind>
         <file>rectangle.obj</file>
         <name>rectangle.obj</name>
      </input_file>
      <input_file id="fl-10">
         <path>.\GrLib\grlib\</path>
         <kind>object</kind>
         <file>string.obj</file>
         <name>string.obj</name>
      </input_file>
      <input_file id="fl-11">
         <path>.\LcdDriver\</path>
         <kind>object</kind>
         <file>Crystalfontz128x128_ST7735.obj</file>
         <name>Crystalfontz128x128_ST7735.obj</name>
      </input_file>
      <input_file id="fl-12">
         <path>.\LcdDriver\</path>
         <kind>object</kind>
         <file>HAL_MSP_EXP432P401R_Crystalfontz128x128_ST7735.obj</file>
         <name>HAL_MSP_EXP432P401R_Crystalfontz128x128_ST7735.obj</name>
      </input_file>
      <input_file id="fl-13">
         <path>.\Pokemon Final Project\C Files\</path>
         <kind>object</kind>
         <file>advantages.obj</file>
         <name>advantages.obj</name>
      </input_file>
      <input_file id="fl-14">
         <path>.\Pokemon Final Project\C Files\</path>
         <kind>object</kind>
         <file>aggron.obj</file>
         <name>aggron.obj</name>
      </input_file>
      <input_file id="fl-15">
         <path>.\Pokemon Final Project\C Files\</path>
         <kind>object</kind>
         <file>gengar.obj</file>
         <name>gengar.obj</name>
      </input_file>
      <input_file id="fl-16">
         <path>.\Pokemon Final Project\C Files\</path>
         <kind>object</kind>
         <file>gyrados.obj</file>
         <name>gyrados.obj</name>
      </input_file>
      <input_file id="fl-17">
         <path>.\Pokemon Final Project\C Files\</path>
         <kind>object</kind>
         <file>jolteon.obj</file>
         <name>jolteon.obj</name>
      </input_file>
      <input_file id="fl-18">
         <path>.\Pokemon Final Project\C Files\</path>
         <kind>object</kind>
         <file>machoke.obj</file>
         <name>machoke.obj</name>
      </input_file>
      <input_file id="fl-19">
         <path>.\Pokemon Final Project\C Files\</path>
         <kind>object</kind>
         <file>metagross.obj</file>
         <name>metagross.obj</name>
      </input_file>
      <input_file id="fl-1a">
         <path>.\Pokemon Final Project\C Files\</path>
         <kind>object</kind>
         <file>shiftry.obj</file>
         <name>shiftry.obj</name>
      </input_file>
      <input_file id="fl-1b">
         <path>.\Pokemon Final Project\C Files\</path>
         <kind>object</kind>
         <file>swampert.obj</file>
         <name>swampert.obj</name>
      </input_file>
      <input_file id="fl-1c">
         <path>.\Pokemon Final Project\C Files\</path>
         <kind>object</kind>
         <file>swellow.obj</file>
         <name>swellow.obj</name>
      </input_file>
      <input_file id="fl-1d">
         <path>.\Pokemon Final Project\C Files\</path>
         <kind>object</kind>
         <file>typhlosion.obj</file>
         <name>typhlosion.obj</name>
      </input_file>
      <input_file id="fl-1e">
         <path>.\driverlib\MSP432P4xx\</path>
         <kind>object</kind>
         <file>adc14.obj</file>
         <name>adc14.obj</name>
      </input_file>
      <input_file id="fl-1f">
         <path>.\driverlib\MSP432P4xx\</path>
         <kind>object</kind>
         <file>aes256.obj</file>
         <name>aes256.obj</name>
      </input_file>
      <input_file id="fl-20">
         <path>.\driverlib\MSP432P4xx\</path>
         <kind>object</kind>
         <file>comp_e.obj</file>
         <name>comp_e.obj</name>
      </input_file>
      <input_file id="fl-21">
         <path>.\driverlib\MSP432P4xx\</path>
         <kind>object</kind>
         <file>cpu.obj</file>
         <name>cpu.obj</name>
      </input_file>
      <input_file id="fl-22">
         <path>.\driverlib\MSP432P4xx\</path>
         <kind>object</kind>
         <file>crc32.obj</file>
         <name>crc32.obj</name>
      </input_file>
      <input_file id="fl-23">
         <path>.\driverlib\MSP432P4xx\</path>
         <kind>object</kind>
         <file>cs.obj</file>
         <name>cs.obj</name>
      </input_file>
      <input_file id="fl-24">
         <path>.\driverlib\MSP432P4xx\</path>
         <kind>object</kind>
         <file>dma.obj</file>
         <name>dma.obj</name>
      </input_file>
      <input_file id="fl-25">
         <path>.\driverlib\MSP432P4xx\</path>
         <kind>object</kind>
         <file>flash.obj</file>
         <name>flash.obj</name>
      </input_file>
      <input_file id="fl-26">
         <path>.\driverlib\MSP432P4xx\</path>
         <kind>object</kind>
         <file>fpu.obj</file>
         <name>fpu.obj</name>
      </input_file>
      <input_file id="fl-27">
         <path>.\driverlib\MSP432P4xx\</path>
         <kind>object</kind>
         <file>gpio.obj</file>
         <name>gpio.obj</name>
      </input_file>
      <input_file id="fl-28">
         <path>.\driverlib\MSP432P4xx\</path>
         <kind>object</kind>
         <file>i2c.obj</file>
         <name>i2c.obj</name>
      </input_file>
      <input_file id="fl-29">
         <path>.\driverlib\MSP432P4xx\</path>
         <kind>object</kind>
         <file>interrupt.obj</file>
         <name>interrupt.obj</name>
      </input_file>
      <input_file id="fl-2a">
         <path>.\driverlib\MSP432P4xx\</path>
         <kind>object</kind>
         <file>mpu.obj</file>
         <name>mpu.obj</name>
      </input_file>
      <input_file id="fl-2b">
         <path>.\driverlib\MSP432P4xx\</path>
         <kind>object</kind>
         <file>pcm.obj</file>
         <name>pcm.obj</name>
      </input_file>
      <input_file id="fl-2c">
         <path>.\driverlib\MSP432P4xx\</path>
         <kind>object</kind>
         <file>pmap.obj</file>
         <name>pmap.obj</name>
      </input_file>
      <input_file id="fl-2d">
         <path>.\driverlib\MSP432P4xx\</path>
         <kind>object</kind>
         <file>pss.obj</file>
         <name>pss.obj</name>
      </input_file>
      <input_file id="fl-2e">
         <path>.\driverlib\MSP432P4xx\</path>
         <kind>object</kind>
         <file>ref_a.obj</file>
         <name>ref_a.obj</name>
      </input_file>
      <input_file id="fl-2f">
         <path>.\driverlib\MSP432P4xx\</path>
         <kind>object</kind>
         <file>reset.obj</file>
         <name>reset.obj</name>
      </input_file>
      <input_file id="fl-30">
         <path>.\driverlib\MSP432P4xx\</path>
         <kind>object</kind>
         <file>rtc_c.obj</file>
         <name>rtc_c.obj</name>
      </input_file>
      <input_file id="fl-31">
         <path>.\driverlib\MSP432P4xx\</path>
         <kind>object</kind>
         <file>spi.obj</file>
         <name>spi.obj</name>
      </input_file>
      <input_file id="fl-32">
         <path>.\driverlib\MSP432P4xx\</path>
         <kind>object</kind>
         <file>sysctl.obj</file>
         <name>sysctl.obj</name>
      </input_file>
      <input_file id="fl-33">
         <path>.\driverlib\MSP432P4xx\</path>
         <kind>object</kind>
         <file>systick.obj</file>
         <name>systick.obj</name>
      </input_file>
      <input_file id="fl-34">
         <path>.\driverlib\MSP432P4xx\</path>
         <kind>object</kind>
         <file>timer32.obj</file>
         <name>timer32.obj</name>
      </input_file>
      <input_file id="fl-35">
         <path>.\driverlib\MSP432P4xx\</path>
         <kind>object</kind>
         <file>timer_a.obj</file>
         <name>timer_a.obj</name>
      </input_file>
      <input_file id="fl-36">
         <path>.\driverlib\MSP432P4xx\</path>
         <kind>object</kind>
         <file>uart.obj</file>
         <name>uart.obj</name>
      </input_file>
      <input_file id="fl-37">
         <path>.\driverlib\MSP432P4xx\</path>
         <kind>object</kind>
         <file>wdt_a.obj</file>
         <name>wdt_a.obj</name>
      </input_file>
      <input_file id="fl-f1">
         <path>C:\ti\ccsv6\tools\compiler\arm_15.12.3.LTS\lib\</path>
         <kind>archive</kind>
         <file>rtsv7M4_T_le_v4SPD16_eabi.lib</file>
         <name>boot.obj</name>
      </input_file>
      <input_file id="fl-f2">
         <path>C:\ti\ccsv6\tools\compiler\arm_15.12.3.LTS\lib\</path>
         <kind>archive</kind>
         <file>rtsv7M4_T_le_v4SPD16_eabi.lib</file>
         <name>copy_decompress_none.obj</name>
      </input_file>
      <input_file id="fl-f3">
         <path>C:\ti\ccsv6\tools\compiler\arm_15.12.3.LTS\lib\</path>
         <kind>archive</kind>
         <file>rtsv7M4_T_le_v4SPD16_eabi.lib</file>
         <name>copy_decompress_rle.obj</name>
      </input_file>
      <input_file id="fl-f4">
         <path>C:\ti\ccsv6\tools\compiler\arm_15.12.3.LTS\lib\</path>
         <kind>archive</kind>
         <file>rtsv7M4_T_le_v4SPD16_eabi.lib</file>
         <name>copy_zero_init.obj</name>
      </input_file>
      <input_file id="fl-f5">
         <path>C:\ti\ccsv6\tools\compiler\arm_15.12.3.LTS\lib\</path>
         <kind>archive</kind>
         <file>rtsv7M4_T_le_v4SPD16_eabi.lib</file>
         <name>exit.obj</name>
      </input_file>
      <input_file id="fl-f6">
         <path>C:\ti\ccsv6\tools\compiler\arm_15.12.3.LTS\lib\</path>
         <kind>archive</kind>
         <file>rtsv7M4_T_le_v4SPD16_eabi.lib</file>
         <name>fd_add_t2.obj</name>
      </input_file>
      <input_file id="fl-f7">
         <path>C:\ti\ccsv6\tools\compiler\arm_15.12.3.LTS\lib\</path>
         <kind>archive</kind>
         <file>rtsv7M4_T_le_v4SPD16_eabi.lib</file>
         <name>fd_mul_t2.obj</name>
      </input_file>
      <input_file id="fl-f8">
         <path>C:\ti\ccsv6\tools\compiler\arm_15.12.3.LTS\lib\</path>
         <kind>archive</kind>
         <file>rtsv7M4_T_le_v4SPD16_eabi.lib</file>
         <name>fd_toi_t2.obj</name>
      </input_file>
      <input_file id="fl-f9">
         <path>C:\ti\ccsv6\tools\compiler\arm_15.12.3.LTS\lib\</path>
         <kind>archive</kind>
         <file>rtsv7M4_T_le_v4SPD16_eabi.lib</file>
         <name>memcpy_t2.obj</name>
      </input_file>
      <input_file id="fl-fa">
         <path>C:\ti\ccsv6\tools\compiler\arm_15.12.3.LTS\lib\</path>
         <kind>archive</kind>
         <file>rtsv7M4_T_le_v4SPD16_eabi.lib</file>
         <name>memset_t2.obj</name>
      </input_file>
      <input_file id="fl-fb">
         <path>C:\ti\ccsv6\tools\compiler\arm_15.12.3.LTS\lib\</path>
         <kind>archive</kind>
         <file>rtsv7M4_T_le_v4SPD16_eabi.lib</file>
         <name>mpu_init.obj</name>
      </input_file>
      <input_file id="fl-fc">
         <path>C:\ti\ccsv6\tools\compiler\arm_15.12.3.LTS\lib\</path>
         <kind>archive</kind>
         <file>rtsv7M4_T_le_v4SPD16_eabi.lib</file>
         <name>pre_init.obj</name>
      </input_file>
      <input_file id="fl-fd">
         <path>C:\ti\ccsv6\tools\compiler\arm_15.12.3.LTS\lib\</path>
         <kind>archive</kind>
         <file>rtsv7M4_T_le_v4SPD16_eabi.lib</file>
         <name>printf.obj</name>
      </input_file>
      <input_file id="fl-fe">
         <path>C:\ti\ccsv6\tools\compiler\arm_15.12.3.LTS\lib\</path>
         <kind>archive</kind>
         <file>rtsv7M4_T_le_v4SPD16_eabi.lib</file>
         <name>stkdepth_vars.obj</name>
      </input_file>
      <input_file id="fl-ff">
         <path>C:\ti\ccsv6\tools\compiler\arm_15.12.3.LTS\lib\</path>
         <kind>archive</kind>
         <file>rtsv7M4_T_le_v4SPD16_eabi.lib</file>
         <name>_lock.obj</name>
      </input_file>
      <input_file id="fl-100">
         <path>C:\ti\ccsv6\tools\compiler\arm_15.12.3.LTS\lib\</path>
         <kind>archive</kind>
         <file>rtsv7M4_T_le_v4SPD16_eabi.lib</file>
         <name>_printfi.obj</name>
      </input_file>
      <input_file id="fl-101">
         <path>C:\ti\ccsv6\tools\compiler\arm_15.12.3.LTS\lib\</path>
         <kind>archive</kind>
         <file>rtsv7M4_T_le_v4SPD16_eabi.lib</file>
         <name>args_main.obj</name>
      </input_file>
      <input_file id="fl-102">
         <path>C:\ti\ccsv6\tools\compiler\arm_15.12.3.LTS\lib\</path>
         <kind>archive</kind>
         <file>rtsv7M4_T_le_v4SPD16_eabi.lib</file>
         <name>atoi.obj</name>
      </input_file>
      <input_file id="fl-103">
         <path>C:\ti\ccsv6\tools\compiler\arm_15.12.3.LTS\lib\</path>
         <kind>archive</kind>
         <file>rtsv7M4_T_le_v4SPD16_eabi.lib</file>
         <name>autoinit.obj</name>
      </input_file>
      <input_file id="fl-104">
         <path>C:\ti\ccsv6\tools\compiler\arm_15.12.3.LTS\lib\</path>
         <kind>archive</kind>
         <file>rtsv7M4_T_le_v4SPD16_eabi.lib</file>
         <name>cpy_tbl.obj</name>
      </input_file>
      <input_file id="fl-105">
         <path>C:\ti\ccsv6\tools\compiler\arm_15.12.3.LTS\lib\</path>
         <kind>archive</kind>
         <file>rtsv7M4_T_le_v4SPD16_eabi.lib</file>
         <name>ctype.obj</name>
      </input_file>
      <input_file id="fl-106">
         <path>C:\ti\ccsv6\tools\compiler\arm_15.12.3.LTS\lib\</path>
         <kind>archive</kind>
         <file>rtsv7M4_T_le_v4SPD16_eabi.lib</file>
         <name>defs.obj</name>
      </input_file>
      <input_file id="fl-107">
         <path>C:\ti\ccsv6\tools\compiler\arm_15.12.3.LTS\lib\</path>
         <kind>archive</kind>
         <file>rtsv7M4_T_le_v4SPD16_eabi.lib</file>
         <name>fd_cmp_t2.obj</name>
      </input_file>
      <input_file id="fl-108">
         <path>C:\ti\ccsv6\tools\compiler\arm_15.12.3.LTS\lib\</path>
         <kind>archive</kind>
         <file>rtsv7M4_T_le_v4SPD16_eabi.lib</file>
         <name>fd_div_t2.obj</name>
      </input_file>
      <input_file id="fl-109">
         <path>C:\ti\ccsv6\tools\compiler\arm_15.12.3.LTS\lib\</path>
         <kind>archive</kind>
         <file>rtsv7M4_T_le_v4SPD16_eabi.lib</file>
         <name>fputc.obj</name>
      </input_file>
      <input_file id="fl-10a">
         <path>C:\ti\ccsv6\tools\compiler\arm_15.12.3.LTS\lib\</path>
         <kind>archive</kind>
         <file>rtsv7M4_T_le_v4SPD16_eabi.lib</file>
         <name>fputs.obj</name>
      </input_file>
      <input_file id="fl-10b">
         <path>C:\ti\ccsv6\tools\compiler\arm_15.12.3.LTS\lib\</path>
         <kind>archive</kind>
         <file>rtsv7M4_T_le_v4SPD16_eabi.lib</file>
         <name>i_tofd_t2.obj</name>
      </input_file>
      <input_file id="fl-10c">
         <path>C:\ti\ccsv6\tools\compiler\arm_15.12.3.LTS\lib\</path>
         <kind>archive</kind>
         <file>rtsv7M4_T_le_v4SPD16_eabi.lib</file>
         <name>lowlev.obj</name>
      </input_file>
      <input_file id="fl-10d">
         <path>C:\ti\ccsv6\tools\compiler\arm_15.12.3.LTS\lib\</path>
         <kind>archive</kind>
         <file>rtsv7M4_T_le_v4SPD16_eabi.lib</file>
         <name>ltoa.obj</name>
      </input_file>
      <input_file id="fl-10e">
         <path>C:\ti\ccsv6\tools\compiler\arm_15.12.3.LTS\lib\</path>
         <kind>archive</kind>
         <file>rtsv7M4_T_le_v4SPD16_eabi.lib</file>
         <name>memccpy.obj</name>
      </input_file>
      <input_file id="fl-10f">
         <path>C:\ti\ccsv6\tools\compiler\arm_15.12.3.LTS\lib\</path>
         <kind>archive</kind>
         <file>rtsv7M4_T_le_v4SPD16_eabi.lib</file>
         <name>memchr.obj</name>
      </input_file>
      <input_file id="fl-110">
         <path>C:\ti\ccsv6\tools\compiler\arm_15.12.3.LTS\lib\</path>
         <kind>archive</kind>
         <file>rtsv7M4_T_le_v4SPD16_eabi.lib</file>
         <name>s_frexp.obj</name>
      </input_file>
      <input_file id="fl-111">
         <path>C:\ti\ccsv6\tools\compiler\arm_15.12.3.LTS\lib\</path>
         <kind>archive</kind>
         <file>rtsv7M4_T_le_v4SPD16_eabi.lib</file>
         <name>s_scalbn.obj</name>
      </input_file>
      <input_file id="fl-112">
         <path>C:\ti\ccsv6\tools\compiler\arm_15.12.3.LTS\lib\</path>
         <kind>archive</kind>
         <file>rtsv7M4_T_le_v4SPD16_eabi.lib</file>
         <name>startup.obj</name>
      </input_file>
      <input_file id="fl-113">
         <path>C:\ti\ccsv6\tools\compiler\arm_15.12.3.LTS\lib\</path>
         <kind>archive</kind>
         <file>rtsv7M4_T_le_v4SPD16_eabi.lib</file>
         <name>strchr.obj</name>
      </input_file>
      <input_file id="fl-114">
         <path>C:\ti\ccsv6\tools\compiler\arm_15.12.3.LTS\lib\</path>
         <kind>archive</kind>
         <file>rtsv7M4_T_le_v4SPD16_eabi.lib</file>
         <name>strcmp.obj</name>
      </input_file>
      <input_file id="fl-115">
         <path>C:\ti\ccsv6\tools\compiler\arm_15.12.3.LTS\lib\</path>
         <kind>archive</kind>
         <file>rtsv7M4_T_le_v4SPD16_eabi.lib</file>
         <name>strlen.obj</name>
      </input_file>
      <input_file id="fl-116">
         <path>C:\ti\ccsv6\tools\compiler\arm_15.12.3.LTS\lib\</path>
         <kind>archive</kind>
         <file>rtsv7M4_T_le_v4SPD16_eabi.lib</file>
         <name>strncpy.obj</name>
      </input_file>
      <input_file id="fl-117">
         <path>C:\ti\ccsv6\tools\compiler\arm_15.12.3.LTS\lib\</path>
         <kind>archive</kind>
         <file>rtsv7M4_T_le_v4SPD16_eabi.lib</file>
         <name>trgdrv.obj</name>
      </input_file>
      <input_file id="fl-118">
         <path>C:\ti\ccsv6\tools\compiler\arm_15.12.3.LTS\lib\</path>
         <kind>archive</kind>
         <file>rtsv7M4_T_le_v4SPD16_eabi.lib</file>
         <name>trgmsg.obj</name>
      </input_file>
      <input_file id="fl-119">
         <path>C:\ti\ccsv6\tools\compiler\arm_15.12.3.LTS\lib\</path>
         <kind>archive</kind>
         <file>rtsv7M4_T_le_v4SPD16_eabi.lib</file>
         <name>ull_div_t2.obj</name>
      </input_file>
      <input_file id="fl-11a">
         <path>C:\ti\ccsv6\tools\compiler\arm_15.12.3.LTS\lib\</path>
         <kind>archive</kind>
         <file>rtsv7M4_T_le_v4SPD16_eabi.lib</file>
         <name>_io_perm.obj</name>
      </input_file>
      <input_file id="fl-11b">
         <path>C:\ti\ccsv6\tools\compiler\arm_15.12.3.LTS\lib\</path>
         <kind>archive</kind>
         <file>rtsv7M4_T_le_v4SPD16_eabi.lib</file>
         <name>errno.obj</name>
      </input_file>
      <input_file id="fl-11c">
         <path>C:\ti\ccsv6\tools\compiler\arm_15.12.3.LTS\lib\</path>
         <kind>archive</kind>
         <file>rtsv7M4_T_le_v4SPD16_eabi.lib</file>
         <name>fflush.obj</name>
      </input_file>
      <input_file id="fl-11d">
         <path>C:\ti\ccsv6\tools\compiler\arm_15.12.3.LTS\lib\</path>
         <kind>archive</kind>
         <file>rtsv7M4_T_le_v4SPD16_eabi.lib</file>
         <name>fseek.obj</name>
      </input_file>
      <input_file id="fl-11e">
         <path>C:\ti\ccsv6\tools\compiler\arm_15.12.3.LTS\lib\</path>
         <kind>archive</kind>
         <file>rtsv7M4_T_le_v4SPD16_eabi.lib</file>
         <name>s_copysign.obj</name>
      </input_file>
      <input_file id="fl-11f">
         <path>C:\ti\ccsv6\tools\compiler\arm_15.12.3.LTS\lib\</path>
         <kind>archive</kind>
         <file>rtsv7M4_T_le_v4SPD16_eabi.lib</file>
         <name>setvbuf.obj</name>
      </input_file>
      <input_file id="fl-120">
         <path>C:\ti\ccsv6\tools\compiler\arm_15.12.3.LTS\lib\</path>
         <kind>archive</kind>
         <file>rtsv7M4_T_le_v4SPD16_eabi.lib</file>
         <name>strcpy.obj</name>
      </input_file>
      <input_file id="fl-121">
         <path>C:\ti\ccsv6\tools\compiler\arm_15.12.3.LTS\lib\</path>
         <kind>archive</kind>
         <file>rtsv7M4_T_le_v4SPD16_eabi.lib</file>
         <name>fopen.obj</name>
      </input_file>
      <input_file id="fl-122">
         <path>C:\ti\ccsv6\tools\compiler\arm_15.12.3.LTS\lib\</path>
         <kind>archive</kind>
         <file>rtsv7M4_T_le_v4SPD16_eabi.lib</file>
         <name>memory.obj</name>
      </input_file>
      <input_file id="fl-123">
         <path>C:\ti\ccsv6\tools\compiler\arm_15.12.3.LTS\lib\</path>
         <kind>archive</kind>
         <file>rtsv7M4_T_le_v4SPD16_eabi.lib</file>
         <name>fclose.obj</name>
      </input_file>
      <input_file id="fl-124">
         <path>C:\ti\ccsv6\tools\compiler\arm_15.12.3.LTS\lib\</path>
         <kind>archive</kind>
         <file>rtsv7M4_T_le_v4SPD16_eabi.lib</file>
         <name>remove.obj</name>
      </input_file>
   </input_file_list>
   <object_component_list>
      <object_component id="oc-2a">
         <name>.intvecs:retain</name>
         <load_address>0x0</load_address>
         <run_address>0x0</run_address>
         <size>0x140</size>
         <input_file_ref idref="fl-3"/>
      </object_component>
      <object_component id="oc-1d4">
         <name>.text</name>
         <load_address>0x140</load_address>
         <run_address>0x140</run_address>
         <size>0x1110</size>
         <input_file_ref idref="fl-100"/>
      </object_component>
      <object_component id="oc-100">
         <name>.text</name>
         <load_address>0x1250</load_address>
         <run_address>0x1250</run_address>
         <size>0x8e0</size>
         <input_file_ref idref="fl-1e"/>
      </object_component>
      <object_component id="oc-7e">
         <name>.text</name>
         <load_address>0x1b30</load_address>
         <run_address>0x1b30</run_address>
         <size>0x8a4</size>
         <input_file_ref idref="fl-2"/>
      </object_component>
      <object_component id="oc-c7">
         <name>.text</name>
         <load_address>0x23d4</load_address>
         <run_address>0x23d4</run_address>
         <size>0x8a4</size>
         <input_file_ref idref="fl-31"/>
      </object_component>
      <object_component id="oc-cd">
         <name>.text</name>
         <load_address>0x2c78</load_address>
         <run_address>0x2c78</run_address>
         <size>0x678</size>
         <input_file_ref idref="fl-11"/>
      </object_component>
      <object_component id="oc-106">
         <name>.text</name>
         <load_address>0x32f0</load_address>
         <run_address>0x32f0</run_address>
         <size>0x630</size>
         <input_file_ref idref="fl-10"/>
      </object_component>
      <object_component id="oc-d9">
         <name>.text</name>
         <load_address>0x3920</load_address>
         <run_address>0x3920</run_address>
         <size>0x498</size>
         <input_file_ref idref="fl-8"/>
      </object_component>
      <object_component id="oc-115">
         <name>.text</name>
         <load_address>0x3db8</load_address>
         <run_address>0x3db8</run_address>
         <size>0x490</size>
         <input_file_ref idref="fl-d"/>
      </object_component>
      <object_component id="oc-e5">
         <name>.text</name>
         <load_address>0x4248</load_address>
         <run_address>0x4248</run_address>
         <size>0x480</size>
         <input_file_ref idref="fl-27"/>
      </object_component>
      <object_component id="oc-240">
         <name>.text</name>
         <load_address>0x46c8</load_address>
         <run_address>0x46c8</run_address>
         <size>0x452</size>
         <input_file_ref idref="fl-b"/>
      </object_component>
      <object_component id="oc-56">
         <name>.text</name>
         <load_address>0x4b1a</load_address>
         <run_address>0x4b1a</run_address>
         <size>0x2</size>
         <input_file_ref idref="fl-fb"/>
      </object_component>
      <object_component id="oc-eb">
         <name>.text</name>
         <load_address>0x4b1c</load_address>
         <run_address>0x4b1c</run_address>
         <size>0x3f0</size>
         <input_file_ref idref="fl-29"/>
      </object_component>
      <object_component id="oc-3a9">
         <name>.text</name>
         <load_address>0x4f0c</load_address>
         <run_address>0x4f0c</run_address>
         <size>0x3dc</size>
         <input_file_ref idref="fl-122"/>
      </object_component>
      <object_component id="oc-10c">
         <name>.text</name>
         <load_address>0x52e8</load_address>
         <run_address>0x52e8</run_address>
         <size>0x33e</size>
         <input_file_ref idref="fl-f"/>
      </object_component>
      <object_component id="oc-ab">
         <name>.text</name>
         <load_address>0x5626</load_address>
         <run_address>0x5626</run_address>
         <size>0x2</size>
         <input_file_ref idref="fl-112"/>
      </object_component>
      <object_component id="oc-c0">
         <name>.text</name>
         <load_address>0x5628</load_address>
         <run_address>0x5628</run_address>
         <size>0x328</size>
         <input_file_ref idref="fl-4"/>
      </object_component>
      <object_component id="oc-3c6">
         <name>.text</name>
         <load_address>0x5950</load_address>
         <run_address>0x5950</run_address>
         <size>0x324</size>
         <input_file_ref idref="fl-117"/>
      </object_component>
      <object_component id="oc-295">
         <name>.text</name>
         <load_address>0x5c74</load_address>
         <run_address>0x5c74</run_address>
         <size>0x30c</size>
         <input_file_ref idref="fl-10c"/>
      </object_component>
      <object_component id="oc-d3">
         <name>.text</name>
         <load_address>0x5f80</load_address>
         <run_address>0x5f80</run_address>
         <size>0x266</size>
         <input_file_ref idref="fl-9"/>
      </object_component>
      <object_component id="oc-2ab">
         <name>.text</name>
         <load_address>0x61e6</load_address>
         <run_address>0x61e6</run_address>
         <size>0x1f4</size>
         <input_file_ref idref="fl-119"/>
      </object_component>
      <object_component id="oc-3af">
         <name>.text</name>
         <load_address>0x63dc</load_address>
         <run_address>0x63dc</run_address>
         <size>0x1c4</size>
         <input_file_ref idref="fl-121"/>
      </object_component>
      <object_component id="oc-123">
         <name>.text</name>
         <load_address>0x65a0</load_address>
         <run_address>0x65a0</run_address>
         <size>0x1b6</size>
         <input_file_ref idref="fl-f6"/>
      </object_component>
      <object_component id="oc-2b5">
         <name>.text</name>
         <load_address>0x6756</load_address>
         <run_address>0x6756</run_address>
         <size>0x136</size>
         <input_file_ref idref="fl-108"/>
      </object_component>
      <object_component id="oc-1be">
         <name>.text</name>
         <load_address>0x688c</load_address>
         <run_address>0x688c</run_address>
         <size>0x134</size>
         <input_file_ref idref="fl-a"/>
      </object_component>
      <object_component id="oc-1ce">
         <name>.text</name>
         <load_address>0x69c0</load_address>
         <run_address>0x69c0</run_address>
         <size>0x134</size>
         <input_file_ref idref="fl-10a"/>
      </object_component>
      <object_component id="oc-11e">
         <name>.text</name>
         <load_address>0x6af4</load_address>
         <run_address>0x6af4</run_address>
         <size>0xfc</size>
         <input_file_ref idref="fl-f7"/>
      </object_component>
      <object_component id="oc-2d0">
         <name>.text</name>
         <load_address>0x6bf0</load_address>
         <run_address>0x6bf0</run_address>
         <size>0xfc</size>
         <input_file_ref idref="fl-111"/>
      </object_component>
      <object_component id="oc-344">
         <name>.text</name>
         <load_address>0x6cec</load_address>
         <run_address>0x6cec</run_address>
         <size>0xdc</size>
         <input_file_ref idref="fl-11f"/>
      </object_component>
      <object_component id="oc-28f">
         <name>.text</name>
         <load_address>0x6dc8</load_address>
         <run_address>0x6dc8</run_address>
         <size>0xc8</size>
         <input_file_ref idref="fl-11c"/>
      </object_component>
      <object_component id="oc-1ab">
         <name>.text</name>
         <load_address>0x6e90</load_address>
         <run_address>0x6e90</run_address>
         <size>0xbc</size>
         <input_file_ref idref="fl-12"/>
      </object_component>
      <object_component id="oc-289">
         <name>.text</name>
         <load_address>0x6f4c</load_address>
         <run_address>0x6f4c</run_address>
         <size>0xac</size>
         <input_file_ref idref="fl-11a"/>
      </object_component>
      <object_component id="oc-31">
         <name>.text</name>
         <load_address>0x6ff8</load_address>
         <run_address>0x6ff8</run_address>
         <size>0x9c</size>
         <input_file_ref idref="fl-f9"/>
      </object_component>
      <object_component id="oc-3f1">
         <name>.text</name>
         <load_address>0x7094</load_address>
         <run_address>0x7094</run_address>
         <size>0x98</size>
         <input_file_ref idref="fl-123"/>
      </object_component>
      <object_component id="oc-1c8">
         <name>.text</name>
         <load_address>0x712c</load_address>
         <run_address>0x712c</run_address>
         <size>0x98</size>
         <input_file_ref idref="fl-109"/>
      </object_component>
      <object_component id="oc-2b0">
         <name>.text:__aeabi_cdcmple</name>
         <load_address>0x71c4</load_address>
         <run_address>0x71c4</run_address>
         <size>0x86</size>
         <input_file_ref idref="fl-107"/>
      </object_component>
      <object_component id="oc-2ba">
         <name>.text:__aeabi_cdrcmple</name>
         <load_address>0x724a</load_address>
         <run_address>0x724a</run_address>
         <size>0x86</size>
         <input_file_ref idref="fl-107"/>
      </object_component>
      <object_component id="oc-4a">
         <name>.text</name>
         <load_address>0x72d0</load_address>
         <run_address>0x72d0</run_address>
         <size>0x7a</size>
         <input_file_ref idref="fl-fa"/>
      </object_component>
      <object_component id="oc-62">
         <name>.text</name>
         <load_address>0x734c</load_address>
         <run_address>0x734c</run_address>
         <size>0x70</size>
         <input_file_ref idref="fl-103"/>
      </object_component>
      <object_component id="oc-df">
         <name>.text</name>
         <load_address>0x73bc</load_address>
         <run_address>0x73bc</run_address>
         <size>0x70</size>
         <input_file_ref idref="fl-fd"/>
      </object_component>
      <object_component id="oc-3d">
         <name>.text</name>
         <load_address>0x742c</load_address>
         <run_address>0x742c</run_address>
         <size>0x6a</size>
         <input_file_ref idref="fl-f3"/>
      </object_component>
      <object_component id="oc-400">
         <name>.text</name>
         <load_address>0x7498</load_address>
         <run_address>0x7498</run_address>
         <size>0x68</size>
         <input_file_ref idref="fl-118"/>
      </object_component>
      <object_component id="oc-33e">
         <name>.text</name>
         <load_address>0x7500</load_address>
         <run_address>0x7500</run_address>
         <size>0x64</size>
         <input_file_ref idref="fl-11d"/>
      </object_component>
      <object_component id="oc-2ca">
         <name>.text</name>
         <load_address>0x7564</load_address>
         <run_address>0x7564</run_address>
         <size>0x64</size>
         <input_file_ref idref="fl-110"/>
      </object_component>
      <object_component id="oc-2bf">
         <name>.text</name>
         <load_address>0x75c8</load_address>
         <run_address>0x75c8</run_address>
         <size>0x56</size>
         <input_file_ref idref="fl-10d"/>
      </object_component>
      <object_component id="oc-24">
         <name>.text</name>
         <load_address>0x7620</load_address>
         <run_address>0x7620</run_address>
         <size>0x54</size>
         <input_file_ref idref="fl-f1"/>
      </object_component>
      <object_component id="oc-6e">
         <name>.text</name>
         <load_address>0x7674</load_address>
         <run_address>0x7674</run_address>
         <size>0x54</size>
         <input_file_ref idref="fl-f5"/>
      </object_component>
      <object_component id="oc-2e2">
         <name>.text</name>
         <load_address>0x76c8</load_address>
         <run_address>0x76c8</run_address>
         <size>0x4c</size>
         <input_file_ref idref="fl-102"/>
      </object_component>
      <object_component id="oc-a5">
         <name>.text</name>
         <load_address>0x7714</load_address>
         <run_address>0x7714</run_address>
         <size>0x4c</size>
         <input_file_ref idref="fl-104"/>
      </object_component>
      <object_component id="oc-128">
         <name>.text</name>
         <load_address>0x7760</load_address>
         <run_address>0x7760</run_address>
         <size>0x48</size>
         <input_file_ref idref="fl-f8"/>
      </object_component>
      <object_component id="oc-1ec">
         <name>.text</name>
         <load_address>0x77a8</load_address>
         <run_address>0x77a8</run_address>
         <size>0x3e</size>
         <input_file_ref idref="fl-21"/>
      </object_component>
      <object_component id="oc-357">
         <name>.text</name>
         <load_address>0x77e6</load_address>
         <run_address>0x77e6</run_address>
         <size>0x30</size>
         <input_file_ref idref="fl-116"/>
      </object_component>
      <object_component id="oc-2c5">
         <name>.text</name>
         <load_address>0x7816</load_address>
         <run_address>0x7816</run_address>
         <size>0x2e</size>
         <input_file_ref idref="fl-10b"/>
      </object_component>
      <object_component id="oc-2a3">
         <name>.text</name>
         <load_address>0x7844</load_address>
         <run_address>0x7844</run_address>
         <size>0x20</size>
         <input_file_ref idref="fl-10f"/>
      </object_component>
      <object_component id="oc-139">
         <name>.text</name>
         <load_address>0x7864</load_address>
         <run_address>0x7864</run_address>
         <size>0x20</size>
         <input_file_ref idref="fl-1d"/>
      </object_component>
      <object_component id="oc-2dc">
         <name>.text</name>
         <load_address>0x7884</load_address>
         <run_address>0x7884</run_address>
         <size>0x1c</size>
         <input_file_ref idref="fl-10e"/>
      </object_component>
      <object_component id="oc-68">
         <name>.text</name>
         <load_address>0x78a0</load_address>
         <run_address>0x78a0</run_address>
         <size>0x18</size>
         <input_file_ref idref="fl-101"/>
      </object_component>
      <object_component id="oc-351">
         <name>.text</name>
         <load_address>0x78b8</load_address>
         <run_address>0x78b8</run_address>
         <size>0x18</size>
         <input_file_ref idref="fl-114"/>
      </object_component>
      <object_component id="oc-2d6">
         <name>.text</name>
         <load_address>0x78d0</load_address>
         <run_address>0x78d0</run_address>
         <size>0x16</size>
         <input_file_ref idref="fl-113"/>
      </object_component>
      <object_component id="oc-199">
         <name>.text</name>
         <load_address>0x78e8</load_address>
         <run_address>0x78e8</run_address>
         <size>0x14</size>
         <input_file_ref idref="fl-ff"/>
      </object_component>
      <object_component id="oc-37e">
         <name>.text</name>
         <load_address>0x78fc</load_address>
         <run_address>0x78fc</run_address>
         <size>0x14</size>
         <input_file_ref idref="fl-11e"/>
      </object_component>
      <object_component id="oc-406">
         <name>.text</name>
         <load_address>0x7910</load_address>
         <run_address>0x7910</run_address>
         <size>0x14</size>
         <input_file_ref idref="fl-120"/>
      </object_component>
      <object_component id="oc-29d">
         <name>.text</name>
         <load_address>0x7924</load_address>
         <run_address>0x7924</run_address>
         <size>0x14</size>
         <input_file_ref idref="fl-115"/>
      </object_component>
      <object_component id="oc-78">
         <name>.text</name>
         <load_address>0x7938</load_address>
         <run_address>0x7938</run_address>
         <size>0x12</size>
         <input_file_ref idref="fl-3"/>
      </object_component>
      <object_component id="oc-12">
         <name>.text:decompress:none</name>
         <load_address>0x794a</load_address>
         <run_address>0x794a</run_address>
         <size>0xe</size>
         <input_file_ref idref="fl-f2"/>
      </object_component>
      <object_component id="oc-18">
         <name>.text:decompress:rle24</name>
         <load_address>0x7958</load_address>
         <run_address>0x7958</run_address>
         <size>0x6</size>
         <input_file_ref idref="fl-f3"/>
      </object_component>
      <object_component id="oc-5c">
         <name>.text</name>
         <load_address>0x795e</load_address>
         <run_address>0x795e</run_address>
         <size>0x4</size>
         <input_file_ref idref="fl-fc"/>
      </object_component>
      <object_component id="oc-20d">
         <name>.const:.string:g_pucFontFixed6x8Data</name>
         <load_address>0x7964</load_address>
         <run_address>0x7964</run_address>
         <size>0x2f8</size>
         <input_file_ref idref="fl-5"/>
      </object_component>
      <object_component id="oc-331">
         <name>.const:.string:pixel_typhlosion4BPP_COMP_RLE4</name>
         <load_address>0x7c5c</load_address>
         <run_address>0x7c5c</run_address>
         <size>0x2e1</size>
         <input_file_ref idref="fl-1d"/>
      </object_component>
      <object_component id="oc-38d">
         <name>.const:.string:_ctypes_</name>
         <load_address>0x7f3d</load_address>
         <run_address>0x7f3d</run_address>
         <size>0x101</size>
         <input_file_ref idref="fl-105"/>
      </object_component>
      <object_component id="oc-f7">
         <name>.const:g_sFontFixed6x8</name>
         <load_address>0x8040</load_address>
         <run_address>0x8040</run_address>
         <size>0xc8</size>
         <input_file_ref idref="fl-5"/>
      </object_component>
      <object_component id="oc-217">
         <name>.const:_ctlRegs</name>
         <load_address>0x8108</load_address>
         <run_address>0x8108</run_address>
         <size>0x80</size>
         <input_file_ref idref="fl-1e"/>
      </object_component>
      <object_component id="oc-1f8">
         <name>.const:g_pulRegs</name>
         <load_address>0x8188</load_address>
         <run_address>0x8188</run_address>
         <size>0x50</size>
         <input_file_ref idref="fl-29"/>
      </object_component>
      <object_component id="oc-32e">
         <name>.const:palette_typhlosion4BPP_COMP_RLE4</name>
         <load_address>0x81d8</load_address>
         <run_address>0x81d8</run_address>
         <size>0x40</size>
         <input_file_ref idref="fl-1d"/>
      </object_component>
      <object_component id="oc-f4">
         <name>.const:g_sCrystalfontz128x128</name>
         <load_address>0x8218</load_address>
         <run_address>0x8218</run_address>
         <size>0x2c</size>
         <input_file_ref idref="fl-11"/>
      </object_component>
      <object_component id="oc-1f5">
         <name>.const:g_pulPriority</name>
         <load_address>0x8244</load_address>
         <run_address>0x8244</run_address>
         <size>0x20</size>
         <input_file_ref idref="fl-29"/>
      </object_component>
      <object_component id="oc-276">
         <name>.const:$P$T0$1</name>
         <load_address>0x8264</load_address>
         <run_address>0x8264</run_address>
         <size>0x1c</size>
         <input_file_ref idref="fl-12"/>
      </object_component>
      <object_component id="oc-1e7">
         <name>.const:GPIO_PORT_TO_INT</name>
         <load_address>0x8280</load_address>
         <run_address>0x8280</run_address>
         <size>0x1c</size>
         <input_file_ref idref="fl-27"/>
      </object_component>
      <object_component id="oc-fa">
         <name>.const:spiMasterConfig</name>
         <load_address>0x829c</load_address>
         <run_address>0x829c</run_address>
         <size>0x1c</size>
         <input_file_ref idref="fl-2"/>
      </object_component>
      <object_component id="oc-fd">
         <name>.const:spiSlaveConfig</name>
         <load_address>0x82b8</load_address>
         <run_address>0x82b8</run_address>
         <size>0x10</size>
         <input_file_ref idref="fl-2"/>
      </object_component>
      <object_component id="oc-246">
         <name>.const:typhlosion4BPP_COMP_RLE4</name>
         <load_address>0x82c8</load_address>
         <run_address>0x82c8</run_address>
         <size>0x10</size>
         <input_file_ref idref="fl-1d"/>
      </object_component>
      <object_component id="oc-1ba">
         <name>.const:$P$T0$1</name>
         <load_address>0x82d8</load_address>
         <run_address>0x82d8</run_address>
         <size>0x8</size>
         <input_file_ref idref="fl-11"/>
      </object_component>
      <object_component id="oc-130">
         <name>.const:$P$T0$1</name>
         <load_address>0x82e0</load_address>
         <run_address>0x82e0</run_address>
         <size>0x8</size>
         <input_file_ref idref="fl-2"/>
      </object_component>
      <object_component id="oc-133">
         <name>.const:$P$T1$2</name>
         <load_address>0x82e8</load_address>
         <run_address>0x82e8</run_address>
         <size>0x8</size>
         <input_file_ref idref="fl-2"/>
      </object_component>
      <object_component id="oc-157">
         <name>.const:$P$T10$11</name>
         <load_address>0x82f0</load_address>
         <run_address>0x82f0</run_address>
         <size>0x8</size>
         <input_file_ref idref="fl-2"/>
      </object_component>
      <object_component id="oc-13f">
         <name>.const:$P$T2$3</name>
         <load_address>0x82f8</load_address>
         <run_address>0x82f8</run_address>
         <size>0x8</size>
         <input_file_ref idref="fl-2"/>
      </object_component>
      <object_component id="oc-142">
         <name>.const:$P$T3$4</name>
         <load_address>0x8300</load_address>
         <run_address>0x8300</run_address>
         <size>0x8</size>
         <input_file_ref idref="fl-2"/>
      </object_component>
      <object_component id="oc-145">
         <name>.const:$P$T4$5</name>
         <load_address>0x8308</load_address>
         <run_address>0x8308</run_address>
         <size>0x8</size>
         <input_file_ref idref="fl-2"/>
      </object_component>
      <object_component id="oc-148">
         <name>.const:$P$T5$6</name>
         <load_address>0x8310</load_address>
         <run_address>0x8310</run_address>
         <size>0x8</size>
         <input_file_ref idref="fl-2"/>
      </object_component>
      <object_component id="oc-14b">
         <name>.const:$P$T6$7</name>
         <load_address>0x8318</load_address>
         <run_address>0x8318</run_address>
         <size>0x8</size>
         <input_file_ref idref="fl-2"/>
      </object_component>
      <object_component id="oc-14e">
         <name>.const:$P$T7$8</name>
         <load_address>0x8320</load_address>
         <run_address>0x8320</run_address>
         <size>0x8</size>
         <input_file_ref idref="fl-2"/>
      </object_component>
      <object_component id="oc-151">
         <name>.const:$P$T8$9</name>
         <load_address>0x8328</load_address>
         <run_address>0x8328</run_address>
         <size>0x8</size>
         <input_file_ref idref="fl-2"/>
      </object_component>
      <object_component id="oc-154">
         <name>.const:$P$T9$10</name>
         <load_address>0x8330</load_address>
         <run_address>0x8330</run_address>
         <size>0x8</size>
         <input_file_ref idref="fl-2"/>
      </object_component>
      <object_component id="oc-f1">
         <name>.const:.string:portMapping</name>
         <load_address>0x8338</load_address>
         <run_address>0x8338</run_address>
         <size>0x8</size>
         <input_file_ref idref="fl-2"/>
      </object_component>
      <object_component id="oc-1fe">
         <name>.const:g_pulDisRegs</name>
         <load_address>0x8340</load_address>
         <run_address>0x8340</run_address>
         <size>0x8</size>
         <input_file_ref idref="fl-29"/>
      </object_component>
      <object_component id="oc-1fb">
         <name>.const:g_pulEnRegs</name>
         <load_address>0x8348</load_address>
         <run_address>0x8348</run_address>
         <size>0x8</size>
         <input_file_ref idref="fl-29"/>
      </object_component>
      <object_component id="oc-201">
         <name>.const:g_pulPendRegs</name>
         <load_address>0x8350</load_address>
         <run_address>0x8350</run_address>
         <size>0x8</size>
         <input_file_ref idref="fl-29"/>
      </object_component>
      <object_component id="oc-204">
         <name>.const:g_pulUnpendRegs</name>
         <load_address>0x8358</load_address>
         <run_address>0x8358</run_address>
         <size>0x8</size>
         <input_file_ref idref="fl-29"/>
      </object_component>
      <object_component id="oc-458">
         <name>.cinit..data.load</name>
         <load_address>0x8360</load_address>
         <run_address>0x8360</run_address>
         <size>0xd3</size>
      </object_component>
      <object_component id="oc-459">
         <name>.cinit..bss.load</name>
         <load_address>0x8438</load_address>
         <run_address>0x8438</run_address>
         <size>0xb</size>
      </object_component>
      <object_component id="oc-457">
         <name>.cinit..vtable.load</name>
         <load_address>0x8448</load_address>
         <run_address>0x8448</run_address>
         <size>0x9</size>
      </object_component>
      <object_component id="oc-455">
         <name>__TI_handler_table</name>
         <load_address>0x8454</load_address>
         <run_address>0x8454</run_address>
         <size>0x8</size>
      </object_component>
      <object_component id="oc-456">
         <name>__TI_cinit_table</name>
         <load_address>0x845c</load_address>
         <run_address>0x845c</run_address>
         <size>0x18</size>
      </object_component>
      <object_component id="oc-434">
         <name>.binit</name>
         <load_address>0x0</load_address>
         <run_address>0x0</run_address>
         <size>0x0</size>
      </object_component>
      <object_component id="oc-1f2">
         <name>.vtable</name>
         <uninitialized>true</uninitialized>
         <run_address>0x20000000</run_address>
         <size>0xe4</size>
         <input_file_ref idref="fl-29"/>
      </object_component>
      <object_component id="oc-12d">
         <name>.data</name>
         <load_address>0x20000cd0</load_address>
         <run_address>0x20000cd0</run_address>
         <size>0x28</size>
         <input_file_ref idref="fl-2"/>
      </object_component>
      <object_component id="oc-136">
         <name>.data:myName</name>
         <load_address>0x20000d2c</load_address>
         <run_address>0x20000d2c</run_address>
         <size>0xc</size>
         <input_file_ref idref="fl-2"/>
      </object_component>
      <object_component id="oc-15a">
         <name>.data:enName</name>
         <load_address>0x20000d20</load_address>
         <run_address>0x20000d20</run_address>
         <size>0xc</size>
         <input_file_ref idref="fl-2"/>
      </object_component>
      <object_component id="oc-1a5">
         <name>.data</name>
         <load_address>0x20000d4c</load_address>
         <run_address>0x20000d4c</run_address>
         <size>0x4</size>
         <input_file_ref idref="fl-4"/>
      </object_component>
      <object_component id="oc-1e4">
         <name>.data:GPIO_PORT_TO_BASE</name>
         <load_address>0x20000ca0</load_address>
         <run_address>0x20000ca0</run_address>
         <size>0x30</size>
         <input_file_ref idref="fl-27"/>
      </object_component>
      <object_component id="oc-b5">
         <name>.data:$O1$$</name>
         <load_address>0x20000d08</load_address>
         <run_address>0x20000d08</run_address>
         <size>0xc</size>
         <input_file_ref idref="fl-f5"/>
      </object_component>
      <object_component id="oc-74">
         <name>.data</name>
         <load_address>0x20000d48</load_address>
         <run_address>0x20000d48</run_address>
         <size>0x4</size>
         <input_file_ref idref="fl-fe"/>
      </object_component>
      <object_component id="oc-b8">
         <name>.data:$O1$$</name>
         <load_address>0x20000d38</load_address>
         <run_address>0x20000d38</run_address>
         <size>0x8</size>
         <input_file_ref idref="fl-ff"/>
      </object_component>
      <object_component id="oc-1da">
         <name>.data:_ftable</name>
         <load_address>0x20000ae0</load_address>
         <run_address>0x20000ae0</run_address>
         <size>0xf0</size>
         <input_file_ref idref="fl-106"/>
      </object_component>
      <object_component id="oc-34c">
         <name>.data</name>
         <load_address>0x20000cf8</load_address>
         <run_address>0x20000cf8</run_address>
         <size>0x10</size>
         <input_file_ref idref="fl-106"/>
      </object_component>
      <object_component id="oc-35d">
         <name>.data:$O1$$</name>
         <load_address>0x20000bd0</load_address>
         <run_address>0x20000bd0</run_address>
         <size>0xd0</size>
         <input_file_ref idref="fl-10c"/>
      </object_component>
      <object_component id="oc-384">
         <name>.data</name>
         <load_address>0x20000d40</load_address>
         <run_address>0x20000d40</run_address>
         <size>0x4</size>
         <input_file_ref idref="fl-11b"/>
      </object_component>
      <object_component id="oc-3f7">
         <name>.data</name>
         <load_address>0x20000d44</load_address>
         <run_address>0x20000d44</run_address>
         <size>0x4</size>
         <input_file_ref idref="fl-121"/>
      </object_component>
      <object_component id="oc-3ed">
         <name>.data:$O1$$</name>
         <load_address>0x20000d14</load_address>
         <run_address>0x20000d14</run_address>
         <size>0xc</size>
         <input_file_ref idref="fl-122"/>
      </object_component>
      <object_component id="oc-11b">
         <name>.bss:resultsBuffer</name>
         <uninitialized>true</uninitialized>
         <run_address>0x200006cc</run_address>
         <size>0x4</size>
         <input_file_ref idref="fl-2"/>
      </object_component>
      <object_component id="oc-15d">
         <name>.bss</name>
         <uninitialized>true</uninitialized>
         <run_address>0x200006d0</run_address>
         <size>0x2</size>
         <input_file_ref idref="fl-2"/>
      </object_component>
      <object_component id="oc-160">
         <name>.bss:receiveArray</name>
         <uninitialized>true</uninitialized>
         <run_address>0x200006c8</run_address>
         <size>0x4</size>
         <input_file_ref idref="fl-2"/>
      </object_component>
      <object_component id="oc-329">
         <name>.bss:g_pulConvertedPalette</name>
         <uninitialized>true</uninitialized>
         <run_address>0x200000e4</run_address>
         <size>0x400</size>
         <input_file_ref idref="fl-b"/>
      </object_component>
      <object_component id="oc-40c">
         <name>.bss:parmbuf</name>
         <uninitialized>true</uninitialized>
         <run_address>0x200006c0</run_address>
         <size>0x8</size>
         <input_file_ref idref="fl-117"/>
      </object_component>
      <object_component id="oc-41f">
         <name>.bss:_CIOBUF_</name>
         <uninitialized>true</uninitialized>
         <run_address>0x200004e4</run_address>
         <size>0x120</size>
         <input_file_ref idref="fl-118"/>
      </object_component>
      <object_component id="oc-112">
         <name>.common:g_sContext</name>
         <uninitialized>true</uninitialized>
         <run_address>0x200006a4</run_address>
         <size>0x1c</size>
      </object_component>
      <object_component id="oc-1b9">
         <name>.common:Lcd_Orientation</name>
         <uninitialized>true</uninitialized>
         <run_address>0x200006da</run_address>
         <size>0x1</size>
      </object_component>
      <object_component id="oc-1b1">
         <name>.common:Lcd_ScreenWidth</name>
         <uninitialized>true</uninitialized>
         <run_address>0x200006d4</run_address>
         <size>0x2</size>
      </object_component>
      <object_component id="oc-1b4">
         <name>.common:Lcd_ScreenHeigth</name>
         <uninitialized>true</uninitialized>
         <run_address>0x200006d2</run_address>
         <size>0x2</size>
      </object_component>
      <object_component id="oc-1b5">
         <name>.common:Lcd_PenSolid</name>
         <uninitialized>true</uninitialized>
         <run_address>0x200006db</run_address>
         <size>0x1</size>
      </object_component>
      <object_component id="oc-1b6">
         <name>.common:Lcd_FontSolid</name>
         <uninitialized>true</uninitialized>
         <run_address>0x200006d9</run_address>
         <size>0x1</size>
      </object_component>
      <object_component id="oc-1b7">
         <name>.common:Lcd_FlagRead</name>
         <uninitialized>true</uninitialized>
         <run_address>0x200006d8</run_address>
         <size>0x1</size>
      </object_component>
      <object_component id="oc-1b8">
         <name>.common:Lcd_TouchTrim</name>
         <uninitialized>true</uninitialized>
         <run_address>0x200006d6</run_address>
         <size>0x2</size>
      </object_component>
      <object_component id="oc-41a">
         <name>.common:__TI_tmpnams</name>
         <uninitialized>true</uninitialized>
         <run_address>0x20000604</run_address>
         <size>0xa0</size>
      </object_component>
      <object_component id="oc-2e">
         <name>.sysmem</name>
         <uninitialized>true</uninitialized>
         <run_address>0x200006e0</run_address>
         <size>0x8</size>
         <input_file_ref idref="fl-122"/>
      </object_component>
      <object_component id="oc-45b">
         <name>.sysmem</name>
         <uninitialized>true</uninitialized>
         <run_address>0x200006e0</run_address>
         <size>0x0</size>
      </object_component>
      <object_component id="oc-2d">
         <name>.stack</name>
         <uninitialized>true</uninitialized>
         <run_address>0x2000fe00</run_address>
         <size>0x0</size>
         <input_file_ref idref="fl-f1"/>
      </object_component>
      <object_component id="oc-45a">
         <name>.stack</name>
         <uninitialized>true</uninitialized>
         <run_address>0x2000fe00</run_address>
         <size>0x0</size>
      </object_component>
      <object_component id="oc-113">
         <name>.debug_info</name>
         <load_address>0x0</load_address>
         <run_address>0x0</run_address>
         <size>0xdba</size>
         <input_file_ref idref="fl-2"/>
      </object_component>
      <object_component id="oc-11c">
         <name>.debug_info</name>
         <load_address>0xdba</load_address>
         <run_address>0xdba</run_address>
         <size>0xee</size>
         <input_file_ref idref="fl-2"/>
      </object_component>
      <object_component id="oc-15e">
         <name>.debug_info</name>
         <load_address>0xea8</load_address>
         <run_address>0xea8</run_address>
         <size>0xfc</size>
         <input_file_ref idref="fl-2"/>
      </object_component>
      <object_component id="oc-12e">
         <name>.debug_info</name>
         <load_address>0xfa4</load_address>
         <run_address>0xfa4</run_address>
         <size>0x1d0</size>
         <input_file_ref idref="fl-2"/>
      </object_component>
      <object_component id="oc-161">
         <name>.debug_info</name>
         <load_address>0x1174</load_address>
         <run_address>0x1174</run_address>
         <size>0xec</size>
         <input_file_ref idref="fl-2"/>
      </object_component>
      <object_component id="oc-f2">
         <name>.debug_info</name>
         <load_address>0x1260</load_address>
         <run_address>0x1260</run_address>
         <size>0xeb</size>
         <input_file_ref idref="fl-2"/>
      </object_component>
      <object_component id="oc-fb">
         <name>.debug_info</name>
         <load_address>0x134b</load_address>
         <run_address>0x134b</run_address>
         <size>0xf3</size>
         <input_file_ref idref="fl-2"/>
      </object_component>
      <object_component id="oc-fe">
         <name>.debug_info</name>
         <load_address>0x143e</load_address>
         <run_address>0x143e</run_address>
         <size>0xf1</size>
         <input_file_ref idref="fl-2"/>
      </object_component>
      <object_component id="oc-137">
         <name>.debug_info</name>
         <load_address>0x152f</load_address>
         <run_address>0x152f</run_address>
         <size>0xe2</size>
         <input_file_ref idref="fl-2"/>
      </object_component>
      <object_component id="oc-15b">
         <name>.debug_info</name>
         <load_address>0x1611</load_address>
         <run_address>0x1611</run_address>
         <size>0xe2</size>
         <input_file_ref idref="fl-2"/>
      </object_component>
      <object_component id="oc-131">
         <name>.debug_info</name>
         <load_address>0x16f3</load_address>
         <run_address>0x16f3</run_address>
         <size>0xe3</size>
         <input_file_ref idref="fl-2"/>
      </object_component>
      <object_component id="oc-134">
         <name>.debug_info</name>
         <load_address>0x17d6</load_address>
         <run_address>0x17d6</run_address>
         <size>0xe3</size>
         <input_file_ref idref="fl-2"/>
      </object_component>
      <object_component id="oc-140">
         <name>.debug_info</name>
         <load_address>0x18b9</load_address>
         <run_address>0x18b9</run_address>
         <size>0xe3</size>
         <input_file_ref idref="fl-2"/>
      </object_component>
      <object_component id="oc-143">
         <name>.debug_info</name>
         <load_address>0x199c</load_address>
         <run_address>0x199c</run_address>
         <size>0xe3</size>
         <input_file_ref idref="fl-2"/>
      </object_component>
      <object_component id="oc-146">
         <name>.debug_info</name>
         <load_address>0x1a7f</load_address>
         <run_address>0x1a7f</run_address>
         <size>0xe3</size>
         <input_file_ref idref="fl-2"/>
      </object_component>
      <object_component id="oc-149">
         <name>.debug_info</name>
         <load_address>0x1b62</load_address>
         <run_address>0x1b62</run_address>
         <size>0xe3</size>
         <input_file_ref idref="fl-2"/>
      </object_component>
      <object_component id="oc-14c">
         <name>.debug_info</name>
         <load_address>0x1c45</load_address>
         <run_address>0x1c45</run_address>
         <size>0xe3</size>
         <input_file_ref idref="fl-2"/>
      </object_component>
      <object_component id="oc-14f">
         <name>.debug_info</name>
         <load_address>0x1d28</load_address>
         <run_address>0x1d28</run_address>
         <size>0xe3</size>
         <input_file_ref idref="fl-2"/>
      </object_component>
      <object_component id="oc-152">
         <name>.debug_info</name>
         <load_address>0x1e0b</load_address>
         <run_address>0x1e0b</run_address>
         <size>0xe3</size>
         <input_file_ref idref="fl-2"/>
      </object_component>
      <object_component id="oc-155">
         <name>.debug_info</name>
         <load_address>0x1eee</load_address>
         <run_address>0x1eee</run_address>
         <size>0xe5</size>
         <input_file_ref idref="fl-2"/>
      </object_component>
      <object_component id="oc-158">
         <name>.debug_info</name>
         <load_address>0x1fd3</load_address>
         <run_address>0x1fd3</run_address>
         <size>0xe7</size>
         <input_file_ref idref="fl-2"/>
      </object_component>
      <object_component id="oc-7f">
         <name>.debug_info</name>
         <load_address>0x20ba</load_address>
         <run_address>0x20ba</run_address>
         <size>0xfa5</size>
         <input_file_ref idref="fl-2"/>
      </object_component>
      <object_component id="oc-227">
         <name>.debug_info</name>
         <load_address>0x305f</load_address>
         <run_address>0x305f</run_address>
         <size>0x103e</size>
         <input_file_ref idref="fl-2"/>
      </object_component>
      <object_component id="oc-222">
         <name>.debug_info</name>
         <load_address>0x409d</load_address>
         <run_address>0x409d</run_address>
         <size>0x37a3</size>
         <input_file_ref idref="fl-2"/>
      </object_component>
      <object_component id="oc-169">
         <name>.debug_info</name>
         <load_address>0x7840</load_address>
         <run_address>0x7840</run_address>
         <size>0x40a</size>
         <input_file_ref idref="fl-2"/>
      </object_component>
      <object_component id="oc-16e">
         <name>.debug_info</name>
         <load_address>0x7c4a</load_address>
         <run_address>0x7c4a</run_address>
         <size>0x8b</size>
         <input_file_ref idref="fl-2"/>
      </object_component>
      <object_component id="oc-164">
         <name>.debug_info</name>
         <load_address>0x7cd5</load_address>
         <run_address>0x7cd5</run_address>
         <size>0x18b</size>
         <input_file_ref idref="fl-2"/>
      </object_component>
      <object_component id="oc-1df">
         <name>.debug_info</name>
         <load_address>0x7e60</load_address>
         <run_address>0x7e60</run_address>
         <size>0x4e</size>
         <input_file_ref idref="fl-2"/>
      </object_component>
      <object_component id="oc-22c">
         <name>.debug_info</name>
         <load_address>0x7eae</load_address>
         <run_address>0x7eae</run_address>
         <size>0x131</size>
         <input_file_ref idref="fl-2"/>
      </object_component>
      <object_component id="oc-86">
         <name>.debug_info</name>
         <load_address>0x7fdf</load_address>
         <run_address>0x7fdf</run_address>
         <size>0x1ad</size>
         <input_file_ref idref="fl-3"/>
      </object_component>
      <object_component id="oc-2b">
         <name>.debug_info</name>
         <load_address>0x818c</load_address>
         <run_address>0x818c</run_address>
         <size>0x108</size>
         <input_file_ref idref="fl-3"/>
      </object_component>
      <object_component id="oc-79">
         <name>.debug_info</name>
         <load_address>0x8294</load_address>
         <run_address>0x8294</run_address>
         <size>0x26f</size>
         <input_file_ref idref="fl-3"/>
      </object_component>
      <object_component id="oc-93">
         <name>.debug_info</name>
         <load_address>0x8503</load_address>
         <run_address>0x8503</run_address>
         <size>0x84</size>
         <input_file_ref idref="fl-3"/>
      </object_component>
      <object_component id="oc-338">
         <name>.debug_info</name>
         <load_address>0x8587</load_address>
         <run_address>0x8587</run_address>
         <size>0x39e</size>
         <input_file_ref idref="fl-4"/>
      </object_component>
      <object_component id="oc-1a6">
         <name>.debug_info</name>
         <load_address>0x8925</load_address>
         <run_address>0x8925</run_address>
         <size>0x101</size>
         <input_file_ref idref="fl-4"/>
      </object_component>
      <object_component id="oc-c1">
         <name>.debug_info</name>
         <load_address>0x8a26</load_address>
         <run_address>0x8a26</run_address>
         <size>0x273</size>
         <input_file_ref idref="fl-4"/>
      </object_component>
      <object_component id="oc-271">
         <name>.debug_info</name>
         <load_address>0x8c99</load_address>
         <run_address>0x8c99</run_address>
         <size>0x37a3</size>
         <input_file_ref idref="fl-4"/>
      </object_component>
      <object_component id="oc-212">
         <name>.debug_info</name>
         <load_address>0xc43c</load_address>
         <run_address>0xc43c</run_address>
         <size>0x21a</size>
         <input_file_ref idref="fl-5"/>
      </object_component>
      <object_component id="oc-20e">
         <name>.debug_info</name>
         <load_address>0xc656</load_address>
         <run_address>0xc656</run_address>
         <size>0x112</size>
         <input_file_ref idref="fl-5"/>
      </object_component>
      <object_component id="oc-f8">
         <name>.debug_info</name>
         <load_address>0xc768</load_address>
         <run_address>0xc768</run_address>
         <size>0x107</size>
         <input_file_ref idref="fl-5"/>
      </object_component>
      <object_component id="oc-1c7">
         <name>.debug_info</name>
         <load_address>0xc86f</load_address>
         <run_address>0xc86f</run_address>
         <size>0x296</size>
         <input_file_ref idref="fl-8"/>
      </object_component>
      <object_component id="oc-db">
         <name>.debug_info</name>
         <load_address>0xcb05</load_address>
         <run_address>0xcb05</run_address>
         <size>0x492</size>
         <input_file_ref idref="fl-8"/>
      </object_component>
      <object_component id="oc-1c5">
         <name>.debug_info</name>
         <load_address>0xcf97</load_address>
         <run_address>0xcf97</run_address>
         <size>0x365</size>
         <input_file_ref idref="fl-9"/>
      </object_component>
      <object_component id="oc-d7">
         <name>.debug_info</name>
         <load_address>0xd2fc</load_address>
         <run_address>0xd2fc</run_address>
         <size>0xf32</size>
         <input_file_ref idref="fl-9"/>
      </object_component>
      <object_component id="oc-284">
         <name>.debug_info</name>
         <load_address>0xe22e</load_address>
         <run_address>0xe22e</run_address>
         <size>0x205</size>
         <input_file_ref idref="fl-a"/>
      </object_component>
      <object_component id="oc-1c1">
         <name>.debug_info</name>
         <load_address>0xe433</load_address>
         <run_address>0xe433</run_address>
         <size>0x94f</size>
         <input_file_ref idref="fl-a"/>
      </object_component>
      <object_component id="oc-32d">
         <name>.debug_info</name>
         <load_address>0xed82</load_address>
         <run_address>0xed82</run_address>
         <size>0x360</size>
         <input_file_ref idref="fl-b"/>
      </object_component>
      <object_component id="oc-32a">
         <name>.debug_info</name>
         <load_address>0xf0e2</load_address>
         <run_address>0xf0e2</run_address>
         <size>0x10b</size>
         <input_file_ref idref="fl-b"/>
      </object_component>
      <object_component id="oc-244">
         <name>.debug_info</name>
         <load_address>0xf1ed</load_address>
         <run_address>0xf1ed</run_address>
         <size>0x9a2</size>
         <input_file_ref idref="fl-b"/>
      </object_component>
      <object_component id="oc-232">
         <name>.debug_info</name>
         <load_address>0xfb8f</load_address>
         <run_address>0xfb8f</run_address>
         <size>0x345</size>
         <input_file_ref idref="fl-d"/>
      </object_component>
      <object_component id="oc-118">
         <name>.debug_info</name>
         <load_address>0xfed4</load_address>
         <run_address>0xfed4</run_address>
         <size>0x7be</size>
         <input_file_ref idref="fl-d"/>
      </object_component>
      <object_component id="oc-21f">
         <name>.debug_info</name>
         <load_address>0x10692</load_address>
         <run_address>0x10692</run_address>
         <size>0x2ff</size>
         <input_file_ref idref="fl-f"/>
      </object_component>
      <object_component id="oc-10e">
         <name>.debug_info</name>
         <load_address>0x10991</load_address>
         <run_address>0x10991</run_address>
         <size>0x62a</size>
         <input_file_ref idref="fl-f"/>
      </object_component>
      <object_component id="oc-21d">
         <name>.debug_info</name>
         <load_address>0x10fbb</load_address>
         <run_address>0x10fbb</run_address>
         <size>0x2c4</size>
         <input_file_ref idref="fl-10"/>
      </object_component>
      <object_component id="oc-107">
         <name>.debug_info</name>
         <load_address>0x1127f</load_address>
         <run_address>0x1127f</run_address>
         <size>0xa24</size>
         <input_file_ref idref="fl-10"/>
      </object_component>
      <object_component id="oc-1b2">
         <name>.debug_info</name>
         <load_address>0x11ca3</load_address>
         <run_address>0x11ca3</run_address>
         <size>0x795</size>
         <input_file_ref idref="fl-11"/>
      </object_component>
      <object_component id="oc-f5">
         <name>.debug_info</name>
         <load_address>0x12438</load_address>
         <run_address>0x12438</run_address>
         <size>0x122</size>
         <input_file_ref idref="fl-11"/>
      </object_component>
      <object_component id="oc-1bb">
         <name>.debug_info</name>
         <load_address>0x1255a</load_address>
         <run_address>0x1255a</run_address>
         <size>0x103</size>
         <input_file_ref idref="fl-11"/>
      </object_component>
      <object_component id="oc-ce">
         <name>.debug_info</name>
         <load_address>0x1265d</load_address>
         <run_address>0x1265d</run_address>
         <size>0x15c3</size>
         <input_file_ref idref="fl-11"/>
      </object_component>
      <object_component id="oc-27c">
         <name>.debug_info</name>
         <load_address>0x13c20</load_address>
         <run_address>0x13c20</run_address>
         <size>0x37a3</size>
         <input_file_ref idref="fl-11"/>
      </object_component>
      <object_component id="oc-33b">
         <name>.debug_info</name>
         <load_address>0x173c3</load_address>
         <run_address>0x173c3</run_address>
         <size>0x6b0</size>
         <input_file_ref idref="fl-12"/>
      </object_component>
      <object_component id="oc-277">
         <name>.debug_info</name>
         <load_address>0x17a73</load_address>
         <run_address>0x17a73</run_address>
         <size>0x116</size>
         <input_file_ref idref="fl-12"/>
      </object_component>
      <object_component id="oc-1ad">
         <name>.debug_info</name>
         <load_address>0x17b89</load_address>
         <run_address>0x17b89</run_address>
         <size>0x5b0</size>
         <input_file_ref idref="fl-12"/>
      </object_component>
      <object_component id="oc-24a">
         <name>.debug_info</name>
         <load_address>0x18139</load_address>
         <run_address>0x18139</run_address>
         <size>0x2a4</size>
         <input_file_ref idref="fl-1d"/>
      </object_component>
      <object_component id="oc-332">
         <name>.debug_info</name>
         <load_address>0x183dd</load_address>
         <run_address>0x183dd</run_address>
         <size>0x134</size>
         <input_file_ref idref="fl-1d"/>
      </object_component>
      <object_component id="oc-32f">
         <name>.debug_info</name>
         <load_address>0x18511</load_address>
         <run_address>0x18511</run_address>
         <size>0x138</size>
         <input_file_ref idref="fl-1d"/>
      </object_component>
      <object_component id="oc-247">
         <name>.debug_info</name>
         <load_address>0x18649</load_address>
         <run_address>0x18649</run_address>
         <size>0x129</size>
         <input_file_ref idref="fl-1d"/>
      </object_component>
      <object_component id="oc-13d">
         <name>.debug_info</name>
         <load_address>0x18772</load_address>
         <run_address>0x18772</run_address>
         <size>0x1eb</size>
         <input_file_ref idref="fl-1d"/>
      </object_component>
      <object_component id="oc-21b">
         <name>.debug_info</name>
         <load_address>0x1895d</load_address>
         <run_address>0x1895d</run_address>
         <size>0x4f8</size>
         <input_file_ref idref="fl-1e"/>
      </object_component>
      <object_component id="oc-218">
         <name>.debug_info</name>
         <load_address>0x18e55</load_address>
         <run_address>0x18e55</run_address>
         <size>0xfa</size>
         <input_file_ref idref="fl-1e"/>
      </object_component>
      <object_component id="oc-102">
         <name>.debug_info</name>
         <load_address>0x18f4f</load_address>
         <run_address>0x18f4f</run_address>
         <size>0x230b</size>
         <input_file_ref idref="fl-1e"/>
      </object_component>
      <object_component id="oc-1ee">
         <name>.debug_info</name>
         <load_address>0x1b25a</load_address>
         <run_address>0x1b25a</run_address>
         <size>0x3d7</size>
         <input_file_ref idref="fl-21"/>
      </object_component>
      <object_component id="oc-1eb">
         <name>.debug_info</name>
         <load_address>0x1b631</load_address>
         <run_address>0x1b631</run_address>
         <size>0x4f3</size>
         <input_file_ref idref="fl-27"/>
      </object_component>
      <object_component id="oc-1e8">
         <name>.debug_info</name>
         <load_address>0x1bb24</load_address>
         <run_address>0x1bb24</run_address>
         <size>0x109</size>
         <input_file_ref idref="fl-27"/>
      </object_component>
      <object_component id="oc-1e5">
         <name>.debug_info</name>
         <load_address>0x1bc2d</load_address>
         <run_address>0x1bc2d</run_address>
         <size>0x10b</size>
         <input_file_ref idref="fl-27"/>
      </object_component>
      <object_component id="oc-e8">
         <name>.debug_info</name>
         <load_address>0x1bd38</load_address>
         <run_address>0x1bd38</run_address>
         <size>0x1a0c</size>
         <input_file_ref idref="fl-27"/>
      </object_component>
      <object_component id="oc-208">
         <name>.debug_info</name>
         <load_address>0x1d744</load_address>
         <run_address>0x1d744</run_address>
         <size>0x481</size>
         <input_file_ref idref="fl-29"/>
      </object_component>
      <object_component id="oc-1f6">
         <name>.debug_info</name>
         <load_address>0x1dbc5</load_address>
         <run_address>0x1dbc5</run_address>
         <size>0x108</size>
         <input_file_ref idref="fl-29"/>
      </object_component>
      <object_component id="oc-1f9">
         <name>.debug_info</name>
         <load_address>0x1dccd</load_address>
         <run_address>0x1dccd</run_address>
         <size>0x100</size>
         <input_file_ref idref="fl-29"/>
      </object_component>
      <object_component id="oc-1fc">
         <name>.debug_info</name>
         <load_address>0x1ddcd</load_address>
         <run_address>0x1ddcd</run_address>
         <size>0x104</size>
         <input_file_ref idref="fl-29"/>
      </object_component>
      <object_component id="oc-1ff">
         <name>.debug_info</name>
         <load_address>0x1ded1</load_address>
         <run_address>0x1ded1</run_address>
         <size>0x106</size>
         <input_file_ref idref="fl-29"/>
      </object_component>
      <object_component id="oc-202">
         <name>.debug_info</name>
         <load_address>0x1dfd7</load_address>
         <run_address>0x1dfd7</run_address>
         <size>0x108</size>
         <input_file_ref idref="fl-29"/>
      </object_component>
      <object_component id="oc-205">
         <name>.debug_info</name>
         <load_address>0x1e0df</load_address>
         <run_address>0x1e0df</run_address>
         <size>0x10c</size>
         <input_file_ref idref="fl-29"/>
      </object_component>
      <object_component id="oc-1f3">
         <name>.debug_info</name>
         <load_address>0x1e1eb</load_address>
         <run_address>0x1e1eb</run_address>
         <size>0x10d</size>
         <input_file_ref idref="fl-29"/>
      </object_component>
      <object_component id="oc-ec">
         <name>.debug_info</name>
         <load_address>0x1e2f8</load_address>
         <run_address>0x1e2f8</run_address>
         <size>0x11b0</size>
         <input_file_ref idref="fl-29"/>
      </object_component>
      <object_component id="oc-1aa">
         <name>.debug_info</name>
         <load_address>0x1f4a8</load_address>
         <run_address>0x1f4a8</run_address>
         <size>0x4e7</size>
         <input_file_ref idref="fl-31"/>
      </object_component>
      <object_component id="oc-c9">
         <name>.debug_info</name>
         <load_address>0x1f98f</load_address>
         <run_address>0x1f98f</run_address>
         <size>0x3d78</size>
         <input_file_ref idref="fl-31"/>
      </object_component>
      <object_component id="oc-26">
         <name>.debug_info</name>
         <load_address>0x23707</load_address>
         <run_address>0x23707</run_address>
         <size>0x161</size>
         <input_file_ref idref="fl-f1"/>
      </object_component>
      <object_component id="oc-3c">
[...]
         <object_component_ref idref="oc-c7"/>
      </symbol>
      <symbol id="sm-6ed">
         <name>SPI_getEnabledInterruptStatus</name>
         <value>0x2719</value>
         <object_component_ref idref="oc-c7"/>
      </symbol>
      <symbol id="sm-6ee">
         <name>EUSCI_B_SPI_getTransmitBufferAddressForDMA</name>
         <value>0x2a7d</value>
         <object_component_ref idref="oc-c7"/>
      </symbol>
      <symbol id="sm-6ef">
         <name>EUSCI_A_SPI_disableInterrupt</name>
         <value>0x2bc5</value>
         <object_component_ref idref="oc-c7"/>
      </symbol>
      <symbol id="sm-6f0">
         <name>SPI_unregisterInterrupt</name>
         <value>0x282d</value>
         <object_component_ref idref="oc-c7"/>
      </symbol>
      <symbol id="sm-6f1">
         <name>EUSCI_A_SPI_masterChangeClock</name>
         <value>0x2ac3</value>
         <object_component_ref idref="oc-c7"/>
      </symbol>
      <symbol id="sm-6f2">
         <name>EUSCI_A_SPI_isBusy</name>
         <value>0x2c59</value>
         <object_component_ref idref="oc-c7"/>
      </symbol>
      <symbol id="sm-6f3">
         <name>SPI_enableInterrupt</name>
         <value>0x26a5</value>
         <object_component_ref idref="oc-c7"/>
      </symbol>
      <symbol id="sm-6f4">
         <name>SPI_disableInterrupt</name>
         <value>0x26cb</value>
         <object_component_ref idref="oc-c7"/>
      </symbol>
      <symbol id="sm-70b">
         <name>_c_int00</name>
         <value>0x7621</value>
         <object_component_ref idref="oc-24"/>
      </symbol>
      <symbol id="sm-70c">
         <name>__stack</name>
         <value>0x2000fe00</value>
         <object_component_ref idref="oc-2d"/>
      </symbol>
      <symbol id="sm-723">
         <name>__TI_decompress_none</name>
         <value>0x794b</value>
         <object_component_ref idref="oc-12"/>
      </symbol>
      <symbol id="sm-74b">
         <name>__TI_decompress_rle24</name>
         <value>0x7959</value>
         <object_component_ref idref="oc-18"/>
      </symbol>
      <symbol id="sm-76d">
         <name>C$$EXIT</name>
         <value>0x7675</value>
         <object_component_ref idref="oc-6e"/>
      </symbol>
      <symbol id="sm-76e">
         <name>abort</name>
         <value>0x7679</value>
         <object_component_ref idref="oc-6e"/>
      </symbol>
      <symbol id="sm-76f">
         <name>exit</name>
         <value>0x7681</value>
         <object_component_ref idref="oc-6e"/>
      </symbol>
      <symbol id="sm-770">
         <name>__TI_dtors_ptr</name>
         <value>0x20000d0c</value>
         <object_component_ref idref="oc-b5"/>
      </symbol>
      <symbol id="sm-771">
         <name>__TI_cleanup_ptr</name>
         <value>0x20000d08</value>
         <object_component_ref idref="oc-b5"/>
      </symbol>
      <symbol id="sm-772">
         <name>__TI_enable_exit_profile_output</name>
         <value>0x20000d10</value>
         <object_component_ref idref="oc-b5"/>
      </symbol>
      <symbol id="sm-789">
         <name>__aeabi_dsub</name>
         <value>0x65a1</value>
         <object_component_ref idref="oc-123"/>
      </symbol>
      <symbol id="sm-78a">
         <name>__aeabi_dadd</name>
         <value>0x65ab</value>
         <object_component_ref idref="oc-123"/>
      </symbol>
      <symbol id="sm-795">
         <name>__aeabi_dmul</name>
         <value>0x6af5</value>
         <object_component_ref idref="oc-11e"/>
      </symbol>
      <symbol id="sm-79f">
         <name>__aeabi_d2iz</name>
         <value>0x7761</value>
         <object_component_ref idref="oc-128"/>
      </symbol>
      <symbol id="sm-7ba">
         <name>memcpy</name>
         <value>0x6ff9</value>
         <object_component_ref idref="oc-31"/>
      </symbol>
      <symbol id="sm-7bb">
         <name>__aeabi_memcpy</name>
         <value>0x6ff9</value>
         <object_component_ref idref="oc-31"/>
      </symbol>
      <symbol id="sm-7bc">
         <name>__aeabi_memcpy8</name>
         <value>0x6ff9</value>
         <object_component_ref idref="oc-31"/>
      </symbol>
      <symbol id="sm-7bd">
         <name>__aeabi_memcpy4</name>
         <value>0x6ff9</value>
         <object_component_ref idref="oc-31"/>
      </symbol>
      <symbol id="sm-7cc">
         <name>__aeabi_memset</name>
         <value>0x72d3</value>
         <object_component_ref idref="oc-4a"/>
      </symbol>
      <symbol id="sm-7cd">
         <name>memset</name>
         <value>0x72d9</value>
         <object_component_ref idref="oc-4a"/>
      </symbol>
      <symbol id="sm-7ce">
         <name>__aeabi_memset8</name>
         <value>0x72d3</value>
         <object_component_ref idref="oc-4a"/>
      </symbol>
      <symbol id="sm-7cf">
         <name>__aeabi_memset4</name>
         <value>0x72d3</value>
         <object_component_ref idref="oc-4a"/>
      </symbol>
      <symbol id="sm-7d0">
         <name>__aeabi_memclr8</name>
         <value>0x72d1</value>
         <object_component_ref idref="oc-4a"/>
      </symbol>
      <symbol id="sm-7d1">
         <name>__aeabi_memclr4</name>
         <value>0x72d1</value>
         <object_component_ref idref="oc-4a"/>
      </symbol>
      <symbol id="sm-7d2">
         <name>__aeabi_memclr</name>
         <value>0x72d1</value>
         <object_component_ref idref="oc-4a"/>
      </symbol>
      <symbol id="sm-7dc">
         <name>__mpu_init</name>
         <value>0x4b1b</value>
         <object_component_ref idref="oc-56"/>
      </symbol>
      <symbol id="sm-7e6">
         <name>_system_pre_init</name>
         <value>0x795f</value>
         <object_component_ref idref="oc-5c"/>
      </symbol>
      <symbol id="sm-804">
         <name>printf</name>
         <value>0x73c5</value>
         <object_component_ref idref="oc-df"/>
      </symbol>
      <symbol id="sm-80c">
         <name>main_func_sp</name>
         <value>0x20000d48</value>
         <object_component_ref idref="oc-74"/>
      </symbol>
      <symbol id="sm-825">
         <name>_nop</name>
         <value>0x78f7</value>
         <object_component_ref idref="oc-199"/>
      </symbol>
      <symbol id="sm-826">
         <name>_lock</name>
         <value>0x20000d38</value>
         <object_component_ref idref="oc-b8"/>
      </symbol>
      <symbol id="sm-827">
         <name>_unlock</name>
         <value>0x20000d3c</value>
         <object_component_ref idref="oc-b8"/>
      </symbol>
      <symbol id="sm-828">
         <name>_register_lock</name>
         <value>0x78ef</value>
         <object_component_ref idref="oc-199"/>
      </symbol>
      <symbol id="sm-829">
         <name>_register_unlock</name>
         <value>0x78e9</value>
         <object_component_ref idref="oc-199"/>
      </symbol>
      <symbol id="sm-935">
         <name>__TI_printfi</name>
         <value>0xf4b</value>
         <object_component_ref idref="oc-1d4"/>
      </symbol>
      <symbol id="sm-949">
         <name>_args_main</name>
         <value>0x78a1</value>
         <object_component_ref idref="oc-68"/>
      </symbol>
      <symbol id="sm-95f">
         <name>atoi</name>
         <value>0x76c9</value>
         <object_component_ref idref="oc-2e2"/>
      </symbol>
      <symbol id="sm-984">
         <name>__TI_auto_init</name>
         <value>0x734d</value>
         <object_component_ref idref="oc-62"/>
      </symbol>
      <symbol id="sm-99e">
         <name>copy_in</name>
         <value>0x7715</value>
         <object_component_ref idref="oc-a5"/>
      </symbol>
      <symbol id="sm-9a9">
         <name>_ctypes_</name>
         <value>0x7f3d</value>
         <object_component_ref idref="oc-38d"/>
      </symbol>
      <symbol id="sm-9be">
         <name>__TI_tmpnams</name>
         <value>0x20000604</value>
      </symbol>
      <symbol id="sm-9bf">
         <name>__aeabi_stdout</name>
         <value>0x20000d00</value>
         <object_component_ref idref="oc-34c"/>
      </symbol>
      <symbol id="sm-9c0">
         <name>__aeabi_stderr</name>
         <value>0x20000d04</value>
         <object_component_ref idref="oc-34c"/>
      </symbol>
      <symbol id="sm-9c1">
         <name>__aeabi_stdin</name>
         <value>0x20000cfc</value>
         <object_component_ref idref="oc-34c"/>
      </symbol>
      <symbol id="sm-9c2">
         <name>_ftable</name>
         <value>0x20000ae0</value>
         <object_component_ref idref="oc-1da"/>
      </symbol>
      <symbol id="sm-9c3">
         <name>__TI_ft_end</name>
         <value>0x20000cf8</value>
         <object_component_ref idref="oc-34c"/>
      </symbol>
      <symbol id="sm-9e5">
         <name>__aeabi_cdcmpeq</name>
         <value>0x71c5</value>
         <object_component_ref idref="oc-2b0"/>
      </symbol>
      <symbol id="sm-9e6">
         <name>__aeabi_cdcmple</name>
         <value>0x71c5</value>
         <object_component_ref idref="oc-2b0"/>
      </symbol>
      <symbol id="sm-9e7">
         <name>__aeabi_cdrcmple</name>
         <value>0x724b</value>
         <object_component_ref idref="oc-2ba"/>
      </symbol>
      <symbol id="sm-9fb">
         <name>__aeabi_ddiv</name>
         <value>0x6757</value>
         <object_component_ref idref="oc-2b5"/>
      </symbol>
      <symbol id="sm-a12">
         <name>putc</name>
         <value>0x712d</value>
         <object_component_ref idref="oc-1c8"/>
      </symbol>
      <symbol id="sm-a13">
         <name>fputc</name>
         <value>0x712d</value>
         <object_component_ref idref="oc-1c8"/>
      </symbol>
      <symbol id="sm-a14">
         <name>putchar</name>
         <value>0x71b1</value>
         <object_component_ref idref="oc-1c8"/>
      </symbol>
      <symbol id="sm-a36">
         <name>puts</name>
         <value>0x6acd</value>
         <object_component_ref idref="oc-1ce"/>
      </symbol>
      <symbol id="sm-a37">
         <name>fputs</name>
         <value>0x69c1</value>
         <object_component_ref idref="oc-1ce"/>
      </symbol>
      <symbol id="sm-a41">
         <name>__aeabi_i2d</name>
         <value>0x7817</value>
         <object_component_ref idref="oc-2c5"/>
      </symbol>
      <symbol id="sm-a8f">
         <name>open</name>
         <value>0x5db3</value>
         <object_component_ref idref="oc-295"/>
      </symbol>
      <symbol id="sm-a90">
         <name>add_device</name>
         <value>0x5ed5</value>
         <object_component_ref idref="oc-295"/>
      </symbol>
      <symbol id="sm-a91">
         <name>remove_device</name>
         <value>0x5d67</value>
         <object_component_ref idref="oc-295"/>
      </symbol>
      <symbol id="sm-a92">
         <name>lseek</name>
         <value>0x5e61</value>
         <object_component_ref idref="oc-295"/>
      </symbol>
      <symbol id="sm-a93">
         <name>read</name>
         <value>0x5d8f</value>
         <object_component_ref idref="oc-295"/>
      </symbol>
      <symbol id="sm-a94">
         <name>rename</name>
         <value>0x5d29</value>
         <object_component_ref idref="oc-295"/>
      </symbol>
      <symbol id="sm-a95">
         <name>write</name>
         <value>0x5c75</value>
         <object_component_ref idref="oc-295"/>
      </symbol>
      <symbol id="sm-a96">
         <name>close</name>
         <value>0x5e85</value>
         <object_component_ref idref="oc-295"/>
      </symbol>
      <symbol id="sm-a97">
         <name>unlink</name>
         <value>0x5d05</value>
         <object_component_ref idref="oc-295"/>
      </symbol>
      <symbol id="sm-aa6">
         <name>ltoa</name>
         <value>0x75c9</value>
         <object_component_ref idref="oc-2bf"/>
      </symbol>
      <symbol id="sm-ab6">
         <name>memccpy</name>
         <value>0x7885</value>
         <object_component_ref idref="oc-2dc"/>
      </symbol>
      <symbol id="sm-ac6">
         <name>memchr</name>
         <value>0x7845</value>
         <object_component_ref idref="oc-2a3"/>
      </symbol>
      <symbol id="sm-ae1">
         <name>frexpl</name>
         <value>0x7565</value>
         <object_component_ref idref="oc-2ca"/>
      </symbol>
      <symbol id="sm-ae2">
         <name>frexp</name>
         <value>0x7565</value>
         <object_component_ref idref="oc-2ca"/>
      </symbol>
      <symbol id="sm-aff">
         <name>scalbn</name>
         <value>0x6bf1</value>
         <object_component_ref idref="oc-2d0"/>
      </symbol>
      <symbol id="sm-b00">
         <name>scalbnl</name>
         <value>0x6bf1</value>
         <object_component_ref idref="oc-2d0"/>
      </symbol>
      <symbol id="sm-b01">
         <name>ldexpl</name>
         <value>0x6bf1</value>
         <object_component_ref idref="oc-2d0"/>
      </symbol>
      <symbol id="sm-b02">
         <name>ldexp</name>
         <value>0x6bf1</value>
         <object_component_ref idref="oc-2d0"/>
      </symbol>
      <symbol id="sm-b0c">
         <name>_system_post_cinit</name>
         <value>0x5627</value>
         <object_component_ref idref="oc-ab"/>
      </symbol>
      <symbol id="sm-b1c">
         <name>strchr</name>
         <value>0x78d1</value>
         <object_component_ref idref="oc-2d6"/>
      </symbol>
      <symbol id="sm-b2b">
         <name>strcmp</name>
         <value>0x78b9</value>
         <object_component_ref idref="oc-351"/>
      </symbol>
      <symbol id="sm-b39">
         <name>strlen</name>
         <value>0x7925</value>
         <object_component_ref idref="oc-29d"/>
      </symbol>
      <symbol id="sm-b49">
         <name>strncpy</name>
         <value>0x77e7</value>
         <object_component_ref idref="oc-357"/>
      </symbol>
      <symbol id="sm-b71">
         <name>HOSTgetenv</name>
         <value>0x5bb1</value>
         <object_component_ref idref="oc-3c6"/>
      </symbol>
      <symbol id="sm-b72">
         <name>HOSTrename</name>
         <value>0x5a59</value>
         <object_component_ref idref="oc-3c6"/>
      </symbol>
      <symbol id="sm-b73">
         <name>HOSTclose</name>
         <value>0x5bef</value>
         <object_component_ref idref="oc-3c6"/>
      </symbol>
      <symbol id="sm-b74">
         <name>HOSTtime64</name>
         <value>0x59d5</value>
         <object_component_ref idref="oc-3c6"/>
      </symbol>
      <symbol id="sm-b75">
         <name>HOSTunlink</name>
         <value>0x599d</value>
         <object_component_ref idref="oc-3c6"/>
      </symbol>
      <symbol id="sm-b76">
         <name>HOSTlseek</name>
         <value>0x5b55</value>
         <object_component_ref idref="oc-3c6"/>
      </symbol>
      <symbol id="sm-b77">
         <name>HOSTopen</name>
         <value>0x5b03</value>
         <object_component_ref idref="oc-3c6"/>
      </symbol>
      <symbol id="sm-b78">
         <name>HOSTclock</name>
         <value>0x5c27</value>
         <object_component_ref idref="oc-3c6"/>
      </symbol>
      <symbol id="sm-b79">
         <name>HOSTwrite</name>
         <value>0x5951</value>
         <object_component_ref idref="oc-3c6"/>
      </symbol>
      <symbol id="sm-b7a">
         <name>HOSTread</name>
         <value>0x5ab7</value>
         <object_component_ref idref="oc-3c6"/>
      </symbol>
      <symbol id="sm-b7b">
         <name>HOSTtime</name>
         <value>0x5a1f</value>
         <object_component_ref idref="oc-3c6"/>
      </symbol>
      <symbol id="sm-b96">
         <name>__TI_readmsg</name>
         <value>0x74cb</value>
         <object_component_ref idref="oc-400"/>
      </symbol>
      <symbol id="sm-b97">
         <name>C$$IO$$</name>
         <value>0x74c7</value>
         <object_component_ref idref="oc-400"/>
      </symbol>
      <symbol id="sm-b98">
         <name>__CIOBUF_</name>
         <value>0x200004e4</value>
         <object_component_ref idref="oc-41f"/>
      </symbol>
      <symbol id="sm-b99">
         <name>__TI_writemsg</name>
         <value>0x7499</value>
         <object_component_ref idref="oc-400"/>
      </symbol>
      <symbol id="sm-bb5">
         <name>__aeabi_uldivmod</name>
         <value>0x61e7</value>
         <object_component_ref idref="oc-2ab"/>
      </symbol>
      <symbol id="sm-bd3">
         <name>__TI_wrt_ok</name>
         <value>0x6f4d</value>
         <object_component_ref idref="oc-289"/>
      </symbol>
      <symbol id="sm-bd4">
         <name>__TI_rd_ok</name>
         <value>0x6faf</value>
         <object_component_ref idref="oc-289"/>
      </symbol>
      <symbol id="sm-bdc">
         <name>errno</name>
         <value>0x20000d40</value>
         <object_component_ref idref="oc-384"/>
      </symbol>
      <symbol id="sm-bf6">
         <name>__TI_doflush</name>
         <value>0x6dc9</value>
         <object_component_ref idref="oc-28f"/>
      </symbol>
      <symbol id="sm-bf7">
         <name>fflush</name>
         <value>0x6e15</value>
         <object_component_ref idref="oc-28f"/>
      </symbol>
      <symbol id="sm-c09">
         <name>fseek</name>
         <value>0x7501</value>
         <object_component_ref idref="oc-33e"/>
      </symbol>
      <symbol id="sm-c13">
         <name>copysign</name>
         <value>0x78fd</value>
         <object_component_ref idref="oc-37e"/>
      </symbol>
      <symbol id="sm-c14">
         <name>copysignl</name>
         <value>0x78fd</value>
         <object_component_ref idref="oc-37e"/>
      </symbol>
      <symbol id="sm-c30">
         <name>setvbuf</name>
         <value>0x6ced</value>
         <object_component_ref idref="oc-344"/>
      </symbol>
      <symbol id="sm-c3e">
         <name>strcpy</name>
         <value>0x7911</value>
         <object_component_ref idref="oc-406"/>
      </symbol>
      <symbol id="sm-c75">
         <name>__TI_cleanup</name>
         <value>0x64a5</value>
         <object_component_ref idref="oc-3af"/>
      </symbol>
      <symbol id="sm-c76">
         <name>freopen</name>
         <value>0x64d1</value>
         <object_component_ref idref="oc-3af"/>
      </symbol>
      <symbol id="sm-c77">
         <name>fopen</name>
         <value>0x64fb</value>
         <object_component_ref idref="oc-3af"/>
      </symbol>
      <symbol id="sm-ce6">
         <name>_sys_memory</name>
         <value>0x200006e0</value>
         <object_component_ref idref="oc-2e"/>
      </symbol>
      <symbol id="sm-ce7">
         <name>free</name>
         <value>0x5003</value>
         <object_component_ref idref="oc-3a9"/>
      </symbol>
      <symbol id="sm-ce8">
         <name>realloc</name>
         <value>0x50c5</value>
         <object_component_ref idref="oc-3a9"/>
      </symbol>
      <symbol id="sm-ce9">
         <name>memalign</name>
         <value>0x51d1</value>
         <object_component_ref idref="oc-3a9"/>
      </symbol>
      <symbol id="sm-cea">
         <name>calloc</name>
         <value>0x52b5</value>
         <object_component_ref idref="oc-3a9"/>
      </symbol>
      <symbol id="sm-ceb">
         <name>malloc</name>
         <value>0x4f9b</value>
         <object_component_ref idref="oc-3a9"/>
      </symbol>
      <symbol id="sm-cec">
         <name>minit</name>
         <value>0x4f0d</value>
         <object_component_ref idref="oc-3a9"/>
      </symbol>
      <symbol id="sm-d02">
         <name>__TI_closefile</name>
         <value>0x7095</value>
         <object_component_ref idref="oc-3f1"/>
      </symbol>
      <symbol id="sm-d03">
         <name>fclose</name>
         <value>0x70fb</value>
         <object_component_ref idref="oc-3f1"/>
      </symbol>
      <symbol id="sm-d05">
         <name>__TI_static_base__</name>
         <value>0x0</value>
      </symbol>
      <symbol id="sm-d08">
         <name>SHT$$INIT_ARRAY$$Limit</name>
         <value>0x0</value>
      </symbol>
      <symbol id="sm-d09">
         <name>SHT$$INIT_ARRAY$$Base</name>
         <value>0x0</value>
      </symbol>
      <symbol id="sm-d0a">
         <name>remove</name>
         <value>0x5d05</value>
      </symbol>
   </symbol_table>
   <title>Link successful</title>
</link_info>
