<?xml version="1.0"?>
<link_info>
   <banner>TI ARM Linker PC v15.12.3.LTS</banner>
   <copyright>Copyright (c) 1996-2015 Texas Instruments Incorporated</copyright>
   <link_time>0x584bb458</link_time>
   <link_errors>0x0</link_errors>
   <output_file>Pokemon Project.out</output_file>
   <entry_point>
      <name>_c_int00</name>
      <address>0x5691</address>
   </entry_point>
   <input_file_list>
      <input_file id="fl-2">
         <path>.\</path>
         <kind>object</kind>
         <file>main.obj</file>
         <name>main.obj</name>
      </input_file>
      <input_file id="fl-3">
         <path>.\</path>
         <kind>object</kind>
         <file>startup_msp432p401r_ccs.obj</file>
         <name>startup_msp432p401r_ccs.obj</name>
      </input_file>
      <input_file id="fl-4">
         <path>.\</path>
         <kind>object</kind>
         <file>system_msp432p401r.obj</file>
         <name>system_msp432p401r.obj</name>
      </input_file>
      <input_file id="fl-5">
         <path>.\GrLib\fonts\</path>
         <kind>object</kind>
         <file>fontfixed6x8.obj</file>
         <name>fontfixed6x8.obj</name>
      </input_file>
      <input_file id="fl-6">
         <path>.\GrLib\grlib\</path>
         <kind>object</kind>
         <file>button.obj</file>
         <name>button.obj</name>
      </input_file>
      <input_file id="fl-7">
         <path>.\GrLib\grlib\</path>
         <kind>object</kind>
         <file>checkbox.obj</file>
         <name>checkbox.obj</name>
      </input_file>
      <input_file id="fl-8">
         <path>.\GrLib\grlib\</path>
         <kind>object</kind>
         <file>circle.obj</file>
         <name>circle.obj</name>
      </input_file>
      <input_file id="fl-9">
         <path>.\GrLib\grlib\</path>
         <kind>object</kind>
         <file>context.obj</file>
         <name>context.obj</name>
      </input_file>
      <input_file id="fl-a">
         <path>.\GrLib\grlib\</path>
         <kind>object</kind>
         <file>display.obj</file>
         <name>display.obj</name>
      </input_file>
      <input_file id="fl-b">
         <path>.\GrLib\grlib\</path>
         <kind>object</kind>
         <file>image.obj</file>
         <name>image.obj</name>
      </input_file>
      <input_file id="fl-c">
         <path>.\GrLib\grlib\</path>
         <kind>object</kind>
         <file>imageButton.obj</file>
         <name>imageButton.obj</name>
      </input_file>
      <input_file id="fl-d">
         <path>.\GrLib\grlib\</path>
         <kind>object</kind>
         <file>line.obj</file>
         <name>line.obj</name>
      </input_file>
      <input_file id="fl-e">
         <path>.\GrLib\grlib\</path>
         <kind>object</kind>
         <file>radioButton.obj</file>
         <name>radioButton.obj</name>
      </input_file>
      <input_file id="fl-f">
         <path>.\GrLib\grlib\</path>
         <kind>object</kind>
         <file>rectangle.obj</file>
         <name>rectangle.obj</name>
      </input_file>
      <input_file id="fl-10">
         <path>.\GrLib\grlib\</path>
         <kind>object</kind>
         <file>string.obj</file>
         <name>string.obj</name>
      </input_file>
      <input_file id="fl-11">
         <path>.\LcdDriver\</path>
         <kind>object</kind>
         <file>Crystalfontz128x128_ST7735.obj</file>
         <name>Crystalfontz128x128_ST7735.obj</name>
      </input_file>
      <input_file id="fl-12">
         <path>.\LcdDriver\</path>
         <kind>object</kind>
         <file>HAL_MSP_EXP432P401R_Crystalfontz128x128_ST7735.obj</file>
         <name>HAL_MSP_EXP432P401R_Crystalfontz128x128_ST7735.obj</name>
      </input_file>
      <input_file id="fl-13">
         <path>.\Pokemon Final Project\C Files\</path>
         <kind>object</kind>
         <file>advantages.obj</file>
         <name>advantages.obj</name>
      </input_file>
      <input_file id="fl-14">
         <path>.\Pokemon Final Project\C Files\</path>
         <kind>object</kind>
         <file>aggron.obj</file>
         <name>aggron.obj</name>
      </input_file>
      <input_file id="fl-15">
         <path>.\Pokemon Final Project\C Files\</path>
         <kind>object</kind>
         <file>gengar.obj</file>
         <name>gengar.obj</name>
      </input_file>
      <input_file id="fl-16">
         <path>.\Pokemon Final Project\C Files\</path>
         <kind>object</kind>
         <file>gyrados.obj</file>
         <name>gyrados.obj</name>
      </input_file>
      <input_file id="fl-17">
         <path>.\Pokemon Final Project\C Files\</path>
         <kind>object</kind>
         <file>jolteon.obj</file>
         <name>jolteon.obj</name>
      </input_file>
      <input_file id="fl-18">
         <path>.\Pokemon Final Project\C Files\</path>
         <kind>object</kind>
         <file>machoke.obj</file>
         <name>machoke.obj</name>
      </input_file>
      <input_file id="fl-19">
         <path>.\Pokemon Final Project\C Files\</path>
         <kind>object</kind>
         <file>metagross.obj</file>
         <name>metagross.obj</name>
      </input_file>
      <input_file id="fl-1a">
         <path>.\Pokemon Final Project\C Files\</path>
         <kind>object</kind>
         <file>shiftry.obj</file>
         <name>shiftry.obj</name>
      </input_file>
      <input_file id="fl-1b">
         <path>.\Pokemon Final Project\C Files\</path>
         <kind>object</kind>
         <file>swampert.obj</file>
         <name>swampert.obj</name>
      </input_file>
      <input_file id="fl-1c">
         <path>.\Pokemon Final Project\C Files\</path>
         <kind>object</kind>
         <file>swellow.obj</file>
         <name>swellow.obj</name>
      </input_file>
      <input_file id="fl-1d">
         <path>.\Pokemon Final Project\C Files\</path>
         <kind>object</kind>
         <file>title.obj</file>
         <name>title.obj</name>
      </input_file>
      <input_file id="fl-1e">
         <path>.\Pokemon Final Project\C Files\</path>
         <kind>object</kind>
         <file>typhlosion.obj</file>
         <name>typhlosion.obj</name>
      </input_file>
      <input_file id="fl-1f">
         <path>.\driverlib\MSP432P4xx\</path>
         <kind>object</kind>
         <file>adc14.obj</file>
         <name>adc14.obj</name>
      </input_file>
      <input_file id="fl-20">
         <path>.\driverlib\MSP432P4xx\</path>
         <kind>object</kind>
         <file>aes256.obj</file>
         <name>aes256.obj</name>
      </input_file>
      <input_file id="fl-21">
         <path>.\driverlib\MSP432P4xx\</path>
         <kind>object</kind>
         <file>comp_e.obj</file>
         <name>comp_e.obj</name>
      </input_file>
      <input_file id="fl-22">
         <path>.\driverlib\MSP432P4xx\</path>
         <kind>object</kind>
         <file>cpu.obj</file>
         <name>cpu.obj</name>
      </input_file>
      <input_file id="fl-23">
         <path>.\driverlib\MSP432P4xx\</path>
         <kind>object</kind>
         <file>crc32.obj</file>
         <name>crc32.obj</name>
      </input_file>
      <input_file id="fl-24">
         <path>.\driverlib\MSP432P4xx\</path>
         <kind>object</kind>
         <file>cs.obj</file>
         <name>cs.obj</name>
      </input_file>
      <input_file id="fl-25">
         <path>.\driverlib\MSP432P4xx\</path>
         <kind>object</kind>
         <file>dma.obj</file>
         <name>dma.obj</name>
      </input_file>
      <input_file id="fl-26">
         <path>.\driverlib\MSP432P4xx\</path>
         <kind>object</kind>
         <file>flash.obj</file>
         <name>flash.obj</name>
      </input_file>
      <input_file id="fl-27">
         <path>.\driverlib\MSP432P4xx\</path>
         <kind>object</kind>
         <file>fpu.obj</file>
         <name>fpu.obj</name>
      </input_file>
      <input_file id="fl-28">
         <path>.\driverlib\MSP432P4xx\</path>
         <kind>object</kind>
         <file>gpio.obj</file>
         <name>gpio.obj</name>
      </input_file>
      <input_file id="fl-29">
         <path>.\driverlib\MSP432P4xx\</path>
         <kind>object</kind>
         <file>i2c.obj</file>
         <name>i2c.obj</name>
      </input_file>
      <input_file id="fl-2a">
         <path>.\driverlib\MSP432P4xx\</path>
         <kind>object</kind>
         <file>interrupt.obj</file>
         <name>interrupt.obj</name>
      </input_file>
      <input_file id="fl-2b">
         <path>.\driverlib\MSP432P4xx\</path>
         <kind>object</kind>
         <file>mpu.obj</file>
         <name>mpu.obj</name>
      </input_file>
      <input_file id="fl-2c">
         <path>.\driverlib\MSP432P4xx\</path>
         <kind>object</kind>
         <file>pcm.obj</file>
         <name>pcm.obj</name>
      </input_file>
      <input_file id="fl-2d">
         <path>.\driverlib\MSP432P4xx\</path>
         <kind>object</kind>
         <file>pmap.obj</file>
         <name>pmap.obj</name>
      </input_file>
      <input_file id="fl-2e">
         <path>.\driverlib\MSP432P4xx\</path>
         <kind>object</kind>
         <file>pss.obj</file>
         <name>pss.obj</name>
      </input_file>
      <input_file id="fl-2f">
         <path>.\driverlib\MSP432P4xx\</path>
         <kind>object</kind>
         <file>ref_a.obj</file>
         <name>ref_a.obj</name>
      </input_file>
      <input_file id="fl-30">
         <path>.\driverlib\MSP432P4xx\</path>
         <kind>object</kind>
         <file>reset.obj</file>
         <name>reset.obj</name>
      </input_file>
      <input_file id="fl-31">
         <path>.\driverlib\MSP432P4xx\</path>
         <kind>object</kind>
         <file>rtc_c.obj</file>
         <name>rtc_c.obj</name>
      </input_file>
      <input_file id="fl-32">
         <path>.\driverlib\MSP432P4xx\</path>
         <kind>object</kind>
         <file>spi.obj</file>
         <name>spi.obj</name>
      </input_file>
      <input_file id="fl-33">
         <path>.\driverlib\MSP432P4xx\</path>
         <kind>object</kind>
         <file>sysctl.obj</file>
         <name>sysctl.obj</name>
      </input_file>
      <input_file id="fl-34">
         <path>.\driverlib\MSP432P4xx\</path>
         <kind>object</kind>
         <file>systick.obj</file>
         <name>systick.obj</name>
      </input_file>
      <input_file id="fl-35">
         <path>.\driverlib\MSP432P4xx\</path>
         <kind>object</kind>
         <file>timer32.obj</file>
         <name>timer32.obj</name>
      </input_file>
      <input_file id="fl-36">
         <path>.\driverlib\MSP432P4xx\</path>
         <kind>object</kind>
         <file>timer_a.obj</file>
         <name>timer_a.obj</name>
      </input_file>
      <input_file id="fl-37">
         <path>.\driverlib\MSP432P4xx\</path>
         <kind>object</kind>
         <file>uart.obj</file>
         <name>uart.obj</name>
      </input_file>
      <input_file id="fl-38">
         <path>.\driverlib\MSP432P4xx\</path>
         <kind>object</kind>
         <file>wdt_a.obj</file>
         <name>wdt_a.obj</name>
      </input_file>
      <input_file id="fl-f2">
         <path>C:\ti\ccsv6\tools\compiler\arm_15.12.3.LTS\lib\</path>
         <kind>archive</kind>
         <file>rtsv7M4_T_le_v4SPD16_eabi.lib</file>
         <name>atoi.obj</name>
      </input_file>
      <input_file id="fl-f3">
         <path>C:\ti\ccsv6\tools\compiler\arm_15.12.3.LTS\lib\</path>
         <kind>archive</kind>
         <file>rtsv7M4_T_le_v4SPD16_eabi.lib</file>
         <name>boot.obj</name>
      </input_file>
      <input_file id="fl-f4">
         <path>C:\ti\ccsv6\tools\compiler\arm_15.12.3.LTS\lib\</path>
         <kind>archive</kind>
         <file>rtsv7M4_T_le_v4SPD16_eabi.lib</file>
         <name>copy_decompress_none.obj</name>
      </input_file>
      <input_file id="fl-f5">
         <path>C:\ti\ccsv6\tools\compiler\arm_15.12.3.LTS\lib\</path>
         <kind>archive</kind>
         <file>rtsv7M4_T_le_v4SPD16_eabi.lib</file>
         <name>copy_decompress_rle.obj</name>
      </input_file>
      <input_file id="fl-f6">
         <path>C:\ti\ccsv6\tools\compiler\arm_15.12.3.LTS\lib\</path>
         <kind>archive</kind>
         <file>rtsv7M4_T_le_v4SPD16_eabi.lib</file>
         <name>copy_zero_init.obj</name>
      </input_file>
      <input_file id="fl-f7">
         <path>C:\ti\ccsv6\tools\compiler\arm_15.12.3.LTS\lib\</path>
         <kind>archive</kind>
         <file>rtsv7M4_T_le_v4SPD16_eabi.lib</file>
         <name>ctype.obj</name>
      </input_file>
      <input_file id="fl-f8">
         <path>C:\ti\ccsv6\tools\compiler\arm_15.12.3.LTS\lib\</path>
         <kind>archive</kind>
         <file>rtsv7M4_T_le_v4SPD16_eabi.lib</file>
         <name>exit.obj</name>
      </input_file>
      <input_file id="fl-f9">
         <path>C:\ti\ccsv6\tools\compiler\arm_15.12.3.LTS\lib\</path>
         <kind>archive</kind>
         <file>rtsv7M4_T_le_v4SPD16_eabi.lib</file>
         <name>fd_add_t2.obj</name>
      </input_file>
      <input_file id="fl-fa">
         <path>C:\ti\ccsv6\tools\compiler\arm_15.12.3.LTS\lib\</path>
         <kind>archive</kind>
         <file>rtsv7M4_T_le_v4SPD16_eabi.lib</file>
         <name>fd_cmp_t2.obj</name>
      </input_file>
      <input_file id="fl-fb">
         <path>C:\ti\ccsv6\tools\compiler\arm_15.12.3.LTS\lib\</path>
         <kind>archive</kind>
         <file>rtsv7M4_T_le_v4SPD16_eabi.lib</file>
         <name>fd_div_t2.obj</name>
      </input_file>
      <input_file id="fl-fc">
         <path>C:\ti\ccsv6\tools\compiler\arm_15.12.3.LTS\lib\</path>
         <kind>archive</kind>
         <file>rtsv7M4_T_le_v4SPD16_eabi.lib</file>
         <name>fd_mul_t2.obj</name>
      </input_file>
      <input_file id="fl-fd">
         <path>C:\ti\ccsv6\tools\compiler\arm_15.12.3.LTS\lib\</path>
         <kind>archive</kind>
         <file>rtsv7M4_T_le_v4SPD16_eabi.lib</file>
         <name>fd_toi_t2.obj</name>
      </input_file>
      <input_file id="fl-fe">
         <path>C:\ti\ccsv6\tools\compiler\arm_15.12.3.LTS\lib\</path>
         <kind>archive</kind>
         <file>rtsv7M4_T_le_v4SPD16_eabi.lib</file>
         <name>i_tofd_t2.obj</name>
      </input_file>
      <input_file id="fl-ff">
         <path>C:\ti\ccsv6\tools\compiler\arm_15.12.3.LTS\lib\</path>
         <kind>archive</kind>
         <file>rtsv7M4_T_le_v4SPD16_eabi.lib</file>
         <name>memcpy_t2.obj</name>
      </input_file>
      <input_file id="fl-100">
         <path>C:\ti\ccsv6\tools\compiler\arm_15.12.3.LTS\lib\</path>
         <kind>archive</kind>
         <file>rtsv7M4_T_le_v4SPD16_eabi.lib</file>
         <name>memset_t2.obj</name>
      </input_file>
      <input_file id="fl-101">
         <path>C:\ti\ccsv6\tools\compiler\arm_15.12.3.LTS\lib\</path>
         <kind>archive</kind>
         <file>rtsv7M4_T_le_v4SPD16_eabi.lib</file>
         <name>mpu_init.obj</name>
      </input_file>
      <input_file id="fl-102">
         <path>C:\ti\ccsv6\tools\compiler\arm_15.12.3.LTS\lib\</path>
         <kind>archive</kind>
         <file>rtsv7M4_T_le_v4SPD16_eabi.lib</file>
         <name>pre_init.obj</name>
      </input_file>
      <input_file id="fl-103">
         <path>C:\ti\ccsv6\tools\compiler\arm_15.12.3.LTS\lib\</path>
         <kind>archive</kind>
         <file>rtsv7M4_T_le_v4SPD16_eabi.lib</file>
         <name>stkdepth_vars.obj</name>
      </input_file>
      <input_file id="fl-104">
         <path>C:\ti\ccsv6\tools\compiler\arm_15.12.3.LTS\lib\</path>
         <kind>archive</kind>
         <file>rtsv7M4_T_le_v4SPD16_eabi.lib</file>
         <name>_lock.obj</name>
      </input_file>
      <input_file id="fl-105">
         <path>C:\ti\ccsv6\tools\compiler\arm_15.12.3.LTS\lib\</path>
         <kind>archive</kind>
         <file>rtsv7M4_T_le_v4SPD16_eabi.lib</file>
         <name>args_main.obj</name>
      </input_file>
      <input_file id="fl-106">
         <path>C:\ti\ccsv6\tools\compiler\arm_15.12.3.LTS\lib\</path>
         <kind>archive</kind>
         <file>rtsv7M4_T_le_v4SPD16_eabi.lib</file>
         <name>autoinit.obj</name>
      </input_file>
      <input_file id="fl-107">
         <path>C:\ti\ccsv6\tools\compiler\arm_15.12.3.LTS\lib\</path>
         <kind>archive</kind>
         <file>rtsv7M4_T_le_v4SPD16_eabi.lib</file>
         <name>cpy_tbl.obj</name>
      </input_file>
      <input_file id="fl-108">
         <path>C:\ti\ccsv6\tools\compiler\arm_15.12.3.LTS\lib\</path>
         <kind>archive</kind>
         <file>rtsv7M4_T_le_v4SPD16_eabi.lib</file>
         <name>startup.obj</name>
      </input_file>
   </input_file_list>
   <object_component_list>
      <object_component id="oc-2a">
         <name>.intvecs:retain</name>
         <load_address>0x0</load_address>
         <run_address>0x0</run_address>
         <size>0x140</size>
         <input_file_ref idref="fl-3"/>
      </object_component>
      <object_component id="oc-7b">
         <name>.text</name>
         <load_address>0x140</load_address>
         <run_address>0x140</run_address>
         <size>0x1320</size>
         <input_file_ref idref="fl-2"/>
      </object_component>
      <object_component id="oc-137">
         <name>.text</name>
         <load_address>0x1460</load_address>
         <run_address>0x1460</run_address>
         <size>0x8e0</size>
         <input_file_ref idref="fl-1f"/>
      </object_component>
      <object_component id="oc-fc">
         <name>.text</name>
         <load_address>0x1d40</load_address>
         <run_address>0x1d40</run_address>
         <size>0x8a4</size>
         <input_file_ref idref="fl-32"/>
      </object_component>
      <object_component id="oc-102">
         <name>.text</name>
         <load_address>0x25e4</load_address>
         <run_address>0x25e4</run_address>
         <size>0x678</size>
         <input_file_ref idref="fl-11"/>
      </object_component>
      <object_component id="oc-143">
         <name>.text</name>
         <load_address>0x2c5c</load_address>
         <run_address>0x2c5c</run_address>
         <size>0x630</size>
         <input_file_ref idref="fl-10"/>
      </object_component>
      <object_component id="oc-149">
         <name>.text</name>
         <load_address>0x328c</load_address>
         <run_address>0x328c</run_address>
         <size>0x490</size>
         <input_file_ref idref="fl-d"/>
      </object_component>
      <object_component id="oc-114">
         <name>.text</name>
         <load_address>0x371c</load_address>
         <run_address>0x371c</run_address>
         <size>0x480</size>
         <input_file_ref idref="fl-28"/>
      </object_component>
      <object_component id="oc-1ee">
         <name>.text</name>
         <load_address>0x3b9c</load_address>
         <run_address>0x3b9c</run_address>
         <size>0x452</size>
         <input_file_ref idref="fl-b"/>
      </object_component>
      <object_component id="oc-53">
         <name>.text</name>
         <load_address>0x3fee</load_address>
         <run_address>0x3fee</run_address>
         <size>0x2</size>
         <input_file_ref idref="fl-101"/>
      </object_component>
      <object_component id="oc-11a">
         <name>.text</name>
         <load_address>0x3ff0</load_address>
         <run_address>0x3ff0</run_address>
         <size>0x3f0</size>
         <input_file_ref idref="fl-2a"/>
      </object_component>
      <object_component id="oc-13d">
         <name>.text</name>
         <load_address>0x43e0</load_address>
         <run_address>0x43e0</run_address>
         <size>0x33e</size>
         <input_file_ref idref="fl-f"/>
      </object_component>
      <object_component id="oc-a4">
         <name>.text</name>
         <load_address>0x471e</load_address>
         <run_address>0x471e</run_address>
         <size>0x2</size>
         <input_file_ref idref="fl-108"/>
      </object_component>
      <object_component id="oc-b9">
         <name>.text</name>
         <load_address>0x4720</load_address>
         <run_address>0x4720</run_address>
         <size>0x328</size>
         <input_file_ref idref="fl-4"/>
      </object_component>
      <object_component id="oc-108">
         <name>.text</name>
         <load_address>0x4a48</load_address>
         <run_address>0x4a48</run_address>
         <size>0x266</size>
         <input_file_ref idref="fl-9"/>
      </object_component>
      <object_component id="oc-176">
         <name>.text</name>
         <load_address>0x4cae</load_address>
         <run_address>0x4cae</run_address>
         <size>0x1b6</size>
         <input_file_ref idref="fl-f9"/>
      </object_component>
      <object_component id="oc-16c">
         <name>.text</name>
         <load_address>0x4e64</load_address>
         <run_address>0x4e64</run_address>
         <size>0x136</size>
         <input_file_ref idref="fl-fb"/>
      </object_component>
      <object_component id="oc-23b">
         <name>.text</name>
         <load_address>0x4f9a</load_address>
         <run_address>0x4f9a</run_address>
         <size>0x134</size>
         <input_file_ref idref="fl-a"/>
      </object_component>
      <object_component id="oc-1a6">
         <name>.text</name>
         <load_address>0x50d0</load_address>
         <run_address>0x50d0</run_address>
         <size>0x108</size>
         <input_file_ref idref="fl-13"/>
      </object_component>
      <object_component id="oc-171">
         <name>.text</name>
         <load_address>0x51d8</load_address>
         <run_address>0x51d8</run_address>
         <size>0xfc</size>
         <input_file_ref idref="fl-fc"/>
      </object_component>
      <object_component id="oc-228">
         <name>.text</name>
         <load_address>0x52d4</load_address>
         <run_address>0x52d4</run_address>
         <size>0xbc</size>
         <input_file_ref idref="fl-12"/>
      </object_component>
      <object_component id="oc-2e">
         <name>.text</name>
         <load_address>0x5390</load_address>
         <run_address>0x5390</run_address>
         <size>0x9c</size>
         <input_file_ref idref="fl-ff"/>
      </object_component>
      <object_component id="oc-19e">
         <name>.text:__aeabi_cdcmple</name>
         <load_address>0x542c</load_address>
         <run_address>0x542c</run_address>
         <size>0x86</size>
         <input_file_ref idref="fl-fa"/>
      </object_component>
      <object_component id="oc-1ac">
         <name>.text:__aeabi_cdrcmple</name>
         <load_address>0x54b2</load_address>
         <run_address>0x54b2</run_address>
         <size>0x86</size>
         <input_file_ref idref="fl-fa"/>
      </object_component>
      <object_component id="oc-47">
         <name>.text</name>
         <load_address>0x5538</load_address>
         <run_address>0x5538</run_address>
         <size>0x7a</size>
         <input_file_ref idref="fl-100"/>
      </object_component>
      <object_component id="oc-5f">
         <name>.text</name>
         <load_address>0x55b4</load_address>
         <run_address>0x55b4</run_address>
         <size>0x70</size>
         <input_file_ref idref="fl-106"/>
      </object_component>
      <object_component id="oc-3a">
         <name>.text</name>
         <load_address>0x5624</load_address>
         <run_address>0x5624</run_address>
         <size>0x6a</size>
         <input_file_ref idref="fl-f5"/>
      </object_component>
      <object_component id="oc-24">
         <name>.text</name>
         <load_address>0x5690</load_address>
         <run_address>0x5690</run_address>
         <size>0x54</size>
         <input_file_ref idref="fl-f3"/>
      </object_component>
      <object_component id="oc-6b">
         <name>.text</name>
         <load_address>0x56e4</load_address>
         <run_address>0x56e4</run_address>
         <size>0x54</size>
         <input_file_ref idref="fl-f8"/>
      </object_component>
      <object_component id="oc-161">
         <name>.text</name>
         <load_address>0x5738</load_address>
         <run_address>0x5738</run_address>
         <size>0x4c</size>
         <input_file_ref idref="fl-f2"/>
      </object_component>
      <object_component id="oc-9e">
         <name>.text</name>
         <load_address>0x5784</load_address>
         <run_address>0x5784</run_address>
         <size>0x4c</size>
         <input_file_ref idref="fl-107"/>
      </object_component>
      <object_component id="oc-17b">
         <name>.text</name>
         <load_address>0x57d0</load_address>
         <run_address>0x57d0</run_address>
         <size>0x48</size>
         <input_file_ref idref="fl-fd"/>
      </object_component>
      <object_component id="oc-250">
         <name>.text</name>
         <load_address>0x5818</load_address>
         <run_address>0x5818</run_address>
         <size>0x3e</size>
         <input_file_ref idref="fl-22"/>
      </object_component>
      <object_component id="oc-167">
         <name>.text</name>
         <load_address>0x5856</load_address>
         <run_address>0x5856</run_address>
         <size>0x2e</size>
         <input_file_ref idref="fl-fe"/>
      </object_component>
      <object_component id="oc-c0">
         <name>.text</name>
         <load_address>0x5884</load_address>
         <run_address>0x5884</run_address>
         <size>0x20</size>
         <input_file_ref idref="fl-14"/>
      </object_component>
      <object_component id="oc-c6">
         <name>.text</name>
         <load_address>0x58a4</load_address>
         <run_address>0x58a4</run_address>
         <size>0x20</size>
         <input_file_ref idref="fl-15"/>
      </object_component>
      <object_component id="oc-cc">
         <name>.text</name>
         <load_address>0x58c4</load_address>
         <run_address>0x58c4</run_address>
         <size>0x20</size>
         <input_file_ref idref="fl-16"/>
      </object_component>
      <object_component id="oc-ea">
         <name>.text</name>
         <load_address>0x58e4</load_address>
         <run_address>0x58e4</run_address>
         <size>0x20</size>
         <input_file_ref idref="fl-17"/>
      </object_component>
      <object_component id="oc-de">
         <name>.text</name>
         <load_address>0x5904</load_address>
         <run_address>0x5904</run_address>
         <size>0x20</size>
         <input_file_ref idref="fl-18"/>
      </object_component>
      <object_component id="oc-e4">
         <name>.text</name>
         <load_address>0x5924</load_address>
         <run_address>0x5924</run_address>
         <size>0x20</size>
         <input_file_ref idref="fl-19"/>
      </object_component>
      <object_component id="oc-d2">
         <name>.text</name>
         <load_address>0x5944</load_address>
         <run_address>0x5944</run_address>
         <size>0x20</size>
         <input_file_ref idref="fl-1a"/>
      </object_component>
      <object_component id="oc-f6">
         <name>.text</name>
         <load_address>0x5964</load_address>
         <run_address>0x5964</run_address>
         <size>0x20</size>
         <input_file_ref idref="fl-1b"/>
      </object_component>
      <object_component id="oc-d8">
         <name>.text</name>
         <load_address>0x5984</load_address>
         <run_address>0x5984</run_address>
         <size>0x20</size>
         <input_file_ref idref="fl-1c"/>
      </object_component>
      <object_component id="oc-10e">
         <name>.text</name>
         <load_address>0x59a4</load_address>
         <run_address>0x59a4</run_address>
         <size>0x20</size>
         <input_file_ref idref="fl-1d"/>
      </object_component>
      <object_component id="oc-f0">
         <name>.text</name>
         <load_address>0x59c4</load_address>
         <run_address>0x59c4</run_address>
         <size>0x20</size>
         <input_file_ref idref="fl-1e"/>
      </object_component>
      <object_component id="oc-65">
         <name>.text</name>
         <load_address>0x59e4</load_address>
         <run_address>0x59e4</run_address>
         <size>0x18</size>
         <input_file_ref idref="fl-105"/>
      </object_component>
      <object_component id="oc-1de">
         <name>.text</name>
         <load_address>0x59fc</load_address>
         <run_address>0x59fc</run_address>
         <size>0x14</size>
         <input_file_ref idref="fl-104"/>
      </object_component>
      <object_component id="oc-75">
         <name>.text</name>
         <load_address>0x5a10</load_address>
         <run_address>0x5a10</run_address>
         <size>0x12</size>
         <input_file_ref idref="fl-3"/>
      </object_component>
      <object_component id="oc-12">
         <name>.text:decompress:none</name>
         <load_address>0x5a22</load_address>
         <run_address>0x5a22</run_address>
         <size>0xe</size>
         <input_file_ref idref="fl-f4"/>
      </object_component>
      <object_component id="oc-18">
         <name>.text:decompress:rle24</name>
         <load_address>0x5a30</load_address>
         <run_address>0x5a30</run_address>
         <size>0x6</size>
         <input_file_ref idref="fl-f5"/>
      </object_component>
      <object_component id="oc-59">
         <name>.text</name>
         <load_address>0x5a36</load_address>
         <run_address>0x5a36</run_address>
         <size>0x4</size>
         <input_file_ref idref="fl-102"/>
      </object_component>
      <object_component id="oc-35a">
         <name>.const:.string:pixel_title4BPP_COMP_RLE4</name>
         <load_address>0x5a40</load_address>
         <run_address>0x5a40</run_address>
         <size>0xf33</size>
         <input_file_ref idref="fl-1d"/>
      </object_component>
      <object_component id="oc-2c5">
         <name>.const:type_advantage</name>
         <load_address>0x6978</load_address>
         <run_address>0x6978</run_address>
         <size>0x908</size>
         <input_file_ref idref="fl-13"/>
      </object_component>
      <object_component id="oc-2fc">
         <name>.const:.string:pixel_shiftry4BPP_COMP_RLE4</name>
         <load_address>0x7280</load_address>
         <run_address>0x7280</run_address>
         <size>0x780</size>
         <input_file_ref idref="fl-1a"/>
      </object_component>
      <object_component id="oc-306">
         <name>.const:.string:pixel_swellow4BPP_COMP_RLE4</name>
         <load_address>0x7a00</load_address>
         <run_address>0x7a00</run_address>
         <size>0x6f0</size>
         <input_file_ref idref="fl-1c"/>
      </object_component>
      <object_component id="oc-2f2">
         <name>.const:.string:pixel_gyrados4BPP_COMP_RLE4</name>
         <load_address>0x80f0</load_address>
         <run_address>0x80f0</run_address>
         <size>0x641</size>
         <input_file_ref idref="fl-16"/>
      </object_component>
      <object_component id="oc-2e8">
         <name>.const:.string:pixel_gengar4BPP_COMP_RLE4</name>
         <load_address>0x8731</load_address>
         <run_address>0x8731</run_address>
         <size>0x474</size>
         <input_file_ref idref="fl-15"/>
      </object_component>
      <object_component id="oc-31a">
         <name>.const:.string:pixel_metagross4BPP_COMP_RLE4</name>
         <load_address>0x8ba5</load_address>
         <run_address>0x8ba5</run_address>
         <size>0x3b6</size>
         <input_file_ref idref="fl-19"/>
      </object_component>
      <object_component id="oc-310">
         <name>.const:.string:pixel_machoke4BPP_COMP_RLE4</name>
         <load_address>0x8f5b</load_address>
         <run_address>0x8f5b</run_address>
         <size>0x34d</size>
         <input_file_ref idref="fl-18"/>
      </object_component>
      <object_component id="oc-338">
         <name>.const:.string:pixel_swampert4BPP_COMP_RLE4</name>
         <load_address>0x92a8</load_address>
         <run_address>0x92a8</run_address>
         <size>0x34c</size>
         <input_file_ref idref="fl-1b"/>
      </object_component>
      <object_component id="oc-2a3">
         <name>.const:.string</name>
         <load_address>0x95f4</load_address>
         <run_address>0x95f4</run_address>
         <size>0x314</size>
         <input_file_ref idref="fl-2"/>
      </object_component>
      <object_component id="oc-282">
         <name>.const:.string:g_pucFontFixed6x8Data</name>
         <load_address>0x9908</load_address>
         <run_address>0x9908</run_address>
         <size>0x2f8</size>
         <input_file_ref idref="fl-5"/>
      </object_component>
      <object_component id="oc-32e">
         <name>.const:.string:pixel_typhlosion4BPP_COMP_RLE4</name>
         <load_address>0x9c00</load_address>
         <run_address>0x9c00</run_address>
         <size>0x2e1</size>
         <input_file_ref idref="fl-1e"/>
      </object_component>
      <object_component id="oc-324">
         <name>.const:.string:pixel_jolteon4BPP_COMP_RLE4</name>
         <load_address>0x9ee1</load_address>
         <run_address>0x9ee1</run_address>
         <size>0x299</size>
         <input_file_ref idref="fl-17"/>
      </object_component>
      <object_component id="oc-2de">
         <name>.const:.string:pixel_aggron4BPP_COMP_RLE4</name>
         <load_address>0xa17a</load_address>
         <run_address>0xa17a</run_address>
         <size>0x240</size>
         <input_file_ref idref="fl-14"/>
      </object_component>
      <object_component id="oc-2a6">
         <name>.const:.string:_ctypes_</name>
         <load_address>0xa3ba</load_address>
         <run_address>0xa3ba</run_address>
         <size>0x101</size>
         <input_file_ref idref="fl-f7"/>
      </object_component>
      <object_component id="oc-129">
         <name>.const:g_sFontFixed6x8</name>
         <load_address>0xa4bc</load_address>
         <run_address>0xa4bc</run_address>
         <size>0xc8</size>
         <input_file_ref idref="fl-5"/>
      </object_component>
      <object_component id="oc-28e">
         <name>.const:_ctlRegs</name>
         <load_address>0xa584</load_address>
         <run_address>0xa584</run_address>
         <size>0x80</size>
         <input_file_ref idref="fl-1f"/>
      </object_component>
      <object_component id="oc-25c">
         <name>.const:g_pulRegs</name>
         <load_address>0xa604</load_address>
         <run_address>0xa604</run_address>
         <size>0x50</size>
         <input_file_ref idref="fl-2a"/>
      </object_component>
      <object_component id="oc-2db">
         <name>.const:palette_aggron4BPP_COMP_RLE4</name>
         <load_address>0xa654</load_address>
         <run_address>0xa654</run_address>
         <size>0x40</size>
         <input_file_ref idref="fl-14"/>
      </object_component>
      <object_component id="oc-2e5">
         <name>.const:palette_gengar4BPP_COMP_RLE4</name>
         <load_address>0xa694</load_address>
         <run_address>0xa694</run_address>
         <size>0x40</size>
         <input_file_ref idref="fl-15"/>
      </object_component>
      <object_component id="oc-2ef">
         <name>.const:palette_gyrados4BPP_COMP_RLE4</name>
         <load_address>0xa6d4</load_address>
         <run_address>0xa6d4</run_address>
         <size>0x40</size>
         <input_file_ref idref="fl-16"/>
      </object_component>
      <object_component id="oc-321">
         <name>.const:palette_jolteon4BPP_COMP_RLE4</name>
         <load_address>0xa714</load_address>
         <run_address>0xa714</run_address>
         <size>0x40</size>
         <input_file_ref idref="fl-17"/>
      </object_component>
      <object_component id="oc-30d">
         <name>.const:palette_machoke4BPP_COMP_RLE4</name>
         <load_address>0xa754</load_address>
         <run_address>0xa754</run_address>
         <size>0x40</size>
         <input_file_ref idref="fl-18"/>
      </object_component>
      <object_component id="oc-317">
         <name>.const:palette_metagross4BPP_COMP_RLE4</name>
         <load_address>0xa794</load_address>
         <run_address>0xa794</run_address>
         <size>0x40</size>
         <input_file_ref idref="fl-19"/>
      </object_component>
      <object_component id="oc-2f9">
         <name>.const:palette_shiftry4BPP_COMP_RLE4</name>
         <load_address>0xa7d4</load_address>
         <run_address>0xa7d4</run_address>
         <size>0x40</size>
         <input_file_ref idref="fl-1a"/>
      </object_component>
      <object_component id="oc-335">
         <name>.const:palette_swampert4BPP_COMP_RLE4</name>
         <load_address>0xa814</load_address>
         <run_address>0xa814</run_address>
         <size>0x40</size>
         <input_file_ref idref="fl-1b"/>
      </object_component>
      <object_component id="oc-303">
         <name>.const:palette_swellow4BPP_COMP_RLE4</name>
         <load_address>0xa854</load_address>
         <run_address>0xa854</run_address>
         <size>0x40</size>
         <input_file_ref idref="fl-1c"/>
      </object_component>
      <object_component id="oc-357">
         <name>.const:palette_title4BPP_COMP_RLE4</name>
         <load_address>0xa894</load_address>
         <run_address>0xa894</run_address>
         <size>0x40</size>
         <input_file_ref idref="fl-1d"/>
      </object_component>
      <object_component id="oc-32b">
         <name>.const:palette_typhlosion4BPP_COMP_RLE4</name>
         <load_address>0xa8d4</load_address>
         <run_address>0xa8d4</run_address>
         <size>0x40</size>
         <input_file_ref idref="fl-1e"/>
      </object_component>
      <object_component id="oc-126">
         <name>.const:g_sCrystalfontz128x128</name>
         <load_address>0xa914</load_address>
         <run_address>0xa914</run_address>
         <size>0x2c</size>
         <input_file_ref idref="fl-11"/>
      </object_component>
      <object_component id="oc-259">
         <name>.const:g_pulPriority</name>
         <load_address>0xa940</load_address>
         <run_address>0xa940</run_address>
         <size>0x20</size>
         <input_file_ref idref="fl-2a"/>
      </object_component>
      <object_component id="oc-346">
         <name>.const:$P$T0$1</name>
         <load_address>0xa960</load_address>
         <run_address>0xa960</run_address>
         <size>0x1c</size>
         <input_file_ref idref="fl-12"/>
      </object_component>
      <object_component id="oc-24b">
         <name>.const:GPIO_PORT_TO_INT</name>
         <load_address>0xa97c</load_address>
         <run_address>0xa97c</run_address>
         <size>0x1c</size>
         <input_file_ref idref="fl-28"/>
      </object_component>
      <object_component id="oc-131">
         <name>.const:spiMasterConfig</name>
         <load_address>0xa998</load_address>
         <run_address>0xa998</run_address>
         <size>0x1c</size>
         <input_file_ref idref="fl-2"/>
      </object_component>
      <object_component id="oc-1f4">
         <name>.const:aggron4BPP_COMP_RLE4</name>
         <load_address>0xa9b4</load_address>
         <run_address>0xa9b4</run_address>
         <size>0x10</size>
         <input_file_ref idref="fl-14"/>
      </object_component>
      <object_component id="oc-1f9">
         <name>.const:gengar4BPP_COMP_RLE4</name>
         <load_address>0xa9c4</load_address>
         <run_address>0xa9c4</run_address>
         <size>0x10</size>
         <input_file_ref idref="fl-15"/>
      </object_component>
      <object_component id="oc-1fe">
         <name>.const:gyrados4BPP_COMP_RLE4</name>
         <load_address>0xa9d4</load_address>
         <run_address>0xa9d4</run_address>
         <size>0x10</size>
         <input_file_ref idref="fl-16"/>
      </object_component>
      <object_component id="oc-217">
         <name>.const:jolteon4BPP_COMP_RLE4</name>
         <load_address>0xa9e4</load_address>
         <run_address>0xa9e4</run_address>
         <size>0x10</size>
         <input_file_ref idref="fl-17"/>
      </object_component>
      <object_component id="oc-20d">
         <name>.const:machoke4BPP_COMP_RLE4</name>
         <load_address>0xa9f4</load_address>
         <run_address>0xa9f4</run_address>
         <size>0x10</size>
         <input_file_ref idref="fl-18"/>
      </object_component>
      <object_component id="oc-212">
         <name>.const:metagross4BPP_COMP_RLE4</name>
         <load_address>0xaa04</load_address>
         <run_address>0xaa04</run_address>
         <size>0x10</size>
         <input_file_ref idref="fl-19"/>
      </object_component>
      <object_component id="oc-203">
         <name>.const:shiftry4BPP_COMP_RLE4</name>
         <load_address>0xaa14</load_address>
         <run_address>0xaa14</run_address>
         <size>0x10</size>
         <input_file_ref idref="fl-1a"/>
      </object_component>
      <object_component id="oc-134">
         <name>.const:spiSlaveConfig</name>
         <load_address>0xaa24</load_address>
         <run_address>0xaa24</run_address>
         <size>0x10</size>
         <input_file_ref idref="fl-2"/>
      </object_component>
      <object_component id="oc-221">
         <name>.const:swampert4BPP_COMP_RLE4</name>
         <load_address>0xaa34</load_address>
         <run_address>0xaa34</run_address>
         <size>0x10</size>
         <input_file_ref idref="fl-1b"/>
      </object_component>
      <object_component id="oc-208">
         <name>.const:swellow4BPP_COMP_RLE4</name>
         <load_address>0xaa44</load_address>
         <run_address>0xaa44</run_address>
         <size>0x10</size>
         <input_file_ref idref="fl-1c"/>
      </object_component>
      <object_component id="oc-243">
         <name>.const:title4BPP_COMP_RLE4</name>
         <load_address>0xaa54</load_address>
         <run_address>0xaa54</run_address>
         <size>0x10</size>
         <input_file_ref idref="fl-1d"/>
      </object_component>
      <object_component id="oc-21c">
         <name>.const:typhlosion4BPP_COMP_RLE4</name>
         <load_address>0xaa64</load_address>
         <run_address>0xaa64</run_address>
         <size>0x10</size>
         <input_file_ref idref="fl-1e"/>
      </object_component>
      <object_component id="oc-237">
         <name>.const:$P$T0$1</name>
         <load_address>0xaa74</load_address>
         <run_address>0xaa74</run_address>
         <size>0x8</size>
         <input_file_ref idref="fl-11"/>
      </object_component>
      <object_component id="oc-155">
         <name>.const:$P$T0$1</name>
         <load_address>0xaa7c</load_address>
         <run_address>0xaa7c</run_address>
         <size>0x8</size>
         <input_file_ref idref="fl-2"/>
      </object_component>
      <object_component id="oc-158">
         <name>.const:$P$T1$2</name>
         <load_address>0xaa84</load_address>
         <run_address>0xaa84</run_address>
         <size>0x8</size>
         <input_file_ref idref="fl-2"/>
      </object_component>
      <object_component id="oc-198">
         <name>.const:$P$T10$11</name>
         <load_address>0xaa8c</load_address>
         <run_address>0xaa8c</run_address>
         <size>0x8</size>
         <input_file_ref idref="fl-2"/>
      </object_component>
      <object_component id="oc-19b">
         <name>.const:$P$T11$12</name>
         <load_address>0xaa94</load_address>
         <run_address>0xaa94</run_address>
         <size>0x8</size>
         <input_file_ref idref="fl-2"/>
      </object_component>
      <object_component id="oc-15b">
         <name>.const:$P$T2$3</name>
         <load_address>0xaa9c</load_address>
         <run_address>0xaa9c</run_address>
         <size>0x8</size>
         <input_file_ref idref="fl-2"/>
      </object_component>
      <object_component id="oc-180">
         <name>.const:$P$T3$4</name>
         <load_address>0xaaa4</load_address>
         <run_address>0xaaa4</run_address>
         <size>0x8</size>
         <input_file_ref idref="fl-2"/>
      </object_component>
      <object_component id="oc-183">
         <name>.const:$P$T4$5</name>
         <load_address>0xaaac</load_address>
         <run_address>0xaaac</run_address>
         <size>0x8</size>
         <input_file_ref idref="fl-2"/>
      </object_component>
      <object_component id="oc-186">
         <name>.const:$P$T5$6</name>
         <load_address>0xaab4</load_address>
         <run_address>0xaab4</run_address>
         <size>0x8</size>
         <input_file_ref idref="fl-2"/>
      </object_component>
      <object_component id="oc-189">
         <name>.const:$P$T6$7</name>
         <load_address>0xaabc</load_address>
         <run_address>0xaabc</run_address>
         <size>0x8</size>
         <input_file_ref idref="fl-2"/>
      </object_component>
      <object_component id="oc-18c">
         <name>.const:$P$T7$8</name>
         <load_address>0xaac4</load_address>
         <run_address>0xaac4</run_address>
         <size>0x8</size>
         <input_file_ref idref="fl-2"/>
      </object_component>
      <object_component id="oc-18f">
         <name>.const:$P$T8$9</name>
         <load_address>0xaacc</load_address>
         <run_address>0xaacc</run_address>
         <size>0x8</size>
         <input_file_ref idref="fl-2"/>
      </object_component>
      <object_component id="oc-192">
         <name>.const:$P$T9$10</name>
         <load_address>0xaad4</load_address>
         <run_address>0xaad4</run_address>
         <size>0x8</size>
         <input_file_ref idref="fl-2"/>
      </object_component>
      <object_component id="oc-120">
         <name>.const:.string:portMapping</name>
         <load_address>0xaadc</load_address>
         <run_address>0xaadc</run_address>
         <size>0x8</size>
         <input_file_ref idref="fl-2"/>
      </object_component>
      <object_component id="oc-262">
         <name>.const:g_pulDisRegs</name>
         <load_address>0xaae4</load_address>
         <run_address>0xaae4</run_address>
         <size>0x8</size>
         <input_file_ref idref="fl-2a"/>
      </object_component>
      <object_component id="oc-25f">
         <name>.const:g_pulEnRegs</name>
         <load_address>0xaaec</load_address>
         <run_address>0xaaec</run_address>
         <size>0x8</size>
         <input_file_ref idref="fl-2a"/>
      </object_component>
      <object_component id="oc-265">
         <name>.const:g_pulPendRegs</name>
         <load_address>0xaaf4</load_address>
         <run_address>0xaaf4</run_address>
         <size>0x8</size>
         <input_file_ref idref="fl-2a"/>
      </object_component>
      <object_component id="oc-268">
         <name>.const:g_pulUnpendRegs</name>
         <load_address>0xaafc</load_address>
         <run_address>0xaafc</run_address>
         <size>0x8</size>
         <input_file_ref idref="fl-2a"/>
      </object_component>
      <object_component id="oc-3f2">
         <name>.cinit..data.load</name>
         <load_address>0xab08</load_address>
         <run_address>0xab08</run_address>
         <size>0x465</size>
      </object_component>
      <object_component id="oc-3f3">
         <name>.cinit..bss.load</name>
         <load_address>0xaf70</load_address>
         <run_address>0xaf70</run_address>
         <size>0xb</size>
      </object_component>
      <object_component id="oc-3f1">
         <name>.cinit..vtable.load</name>
         <load_address>0xaf80</load_address>
         <run_address>0xaf80</run_address>
         <size>0x9</size>
      </object_component>
      <object_component id="oc-3ef">
         <name>__TI_handler_table</name>
         <load_address>0xaf8c</load_address>
         <run_address>0xaf8c</run_address>
         <size>0x8</size>
      </object_component>
      <object_component id="oc-3f0">
         <name>__TI_cinit_table</name>
         <load_address>0xaf94</load_address>
         <run_address>0xaf94</run_address>
         <size>0x18</size>
      </object_component>
      <object_component id="oc-3ce">
         <name>.binit</name>
         <load_address>0x0</load_address>
         <run_address>0x0</run_address>
         <size>0x0</size>
      </object_component>
      <object_component id="oc-256">
         <name>.vtable</name>
         <uninitialized>true</uninitialized>
         <run_address>0x20000000</run_address>
         <size>0xe4</size>
         <input_file_ref idref="fl-2a"/>
      </object_component>
      <object_component id="oc-15e">
         <name>.data:pokemon_list</name>
         <load_address>0x200003a4</load_address>
         <run_address>0x200003a4</run_address>
         <size>0x160</size>
         <input_file_ref idref="fl-2"/>
      </object_component>
      <object_component id="oc-1a3">
         <name>.data:move_list</name>
         <load_address>0x200000e4</load_address>
         <run_address>0x200000e4</run_address>
         <size>0x2c0</size>
         <input_file_ref idref="fl-2"/>
      </object_component>
      <object_component id="oc-12c">
         <name>.data</name>
         <load_address>0x20000534</load_address>
         <run_address>0x20000534</run_address>
         <size>0x28</size>
         <input_file_ref idref="fl-2"/>
      </object_component>
      <object_component id="oc-1ea">
         <name>.data</name>
         <load_address>0x20000574</load_address>
         <run_address>0x20000574</run_address>
         <size>0x4</size>
         <input_file_ref idref="fl-4"/>
      </object_component>
      <object_component id="oc-248">
         <name>.data:GPIO_PORT_TO_BASE</name>
         <load_address>0x20000504</load_address>
         <run_address>0x20000504</run_address>
         <size>0x30</size>
         <input_file_ref idref="fl-28"/>
      </object_component>
      <object_component id="oc-ae">
         <name>.data:$O1$$</name>
         <load_address>0x2000055c</load_address>
         <run_address>0x2000055c</run_address>
         <size>0xc</size>
         <input_file_ref idref="fl-f8"/>
      </object_component>
      <object_component id="oc-71">
         <name>.data</name>
         <load_address>0x20000570</load_address>
         <run_address>0x20000570</run_address>
         <size>0x4</size>
         <input_file_ref idref="fl-103"/>
      </object_component>
      <object_component id="oc-b1">
         <name>.data:$O1$$</name>
         <load_address>0x20000568</load_address>
         <run_address>0x20000568</run_address>
         <size>0x8</size>
         <input_file_ref idref="fl-104"/>
      </object_component>
      <object_component id="oc-152">
         <name>.bss:resultsBuffer</name>
         <uninitialized>true</uninitialized>
         <run_address>0x20000994</run_address>
         <size>0x4</size>
         <input_file_ref idref="fl-2"/>
      </object_component>
      <object_component id="oc-14f">
         <name>.bss</name>
         <uninitialized>true</uninitialized>
         <run_address>0x200009b8</run_address>
         <size>0x2</size>
         <input_file_ref idref="fl-2"/>
      </object_component>
      <object_component id="oc-2d6">
         <name>.bss:g_pulConvertedPalette</name>
         <uninitialized>true</uninitialized>
         <run_address>0x20000578</run_address>
         <size>0x400</size>
         <input_file_ref idref="fl-b"/>
      </object_component>
      <object_component id="oc-123">
         <name>.common:g_sContext</name>
         <uninitialized>true</uninitialized>
         <run_address>0x20000978</run_address>
         <size>0x1c</size>
      </object_component>
      <object_component id="oc-12f">
         <name>.common:last_button1</name>
         <uninitialized>true</uninitialized>
         <run_address>0x200009c6</run_address>
         <size>0x1</size>
      </object_component>
      <object_component id="oc-130">
         <name>.common:myMove</name>
         <uninitialized>true</uninitialized>
         <run_address>0x200009c7</run_address>
         <size>0x1</size>
      </object_component>
      <object_component id="oc-196">
         <name>.common:enemyPokemon</name>
         <uninitialized>true</uninitialized>
         <run_address>0x200009c5</run_address>
         <size>0x1</size>
      </object_component>
      <object_component id="oc-195">
         <name>.common:myHP</name>
         <uninitialized>true</uninitialized>
         <run_address>0x200009a0</run_address>
         <size>0x8</size>
      </object_component>
      <object_component id="oc-197">
         <name>.common:enHP</name>
         <uninitialized>true</uninitialized>
         <run_address>0x20000998</run_address>
         <size>0x8</size>
      </object_component>
      <object_component id="oc-1b2">
         <name>.common:onYouEff</name>
         <uninitialized>true</uninitialized>
         <run_address>0x200009b0</run_address>
         <size>0x8</size>
      </object_component>
      <object_component id="oc-1b3">
         <name>.common:onEneEff</name>
         <uninitialized>true</uninitialized>
         <run_address>0x200009a8</run_address>
         <size>0x8</size>
      </object_component>
      <object_component id="oc-1b1">
         <name>.common:enMove</name>
         <uninitialized>true</uninitialized>
         <run_address>0x200009c4</run_address>
         <size>0x1</size>
      </object_component>
      <object_component id="oc-236">
         <name>.common:Lcd_Orientation</name>
         <uninitialized>true</uninitialized>
         <run_address>0x200009c2</run_address>
         <size>0x1</size>
      </object_component>
      <object_component id="oc-22e">
         <name>.common:Lcd_ScreenWidth</name>
         <uninitialized>true</uninitialized>
         <run_address>0x200009bc</run_address>
         <size>0x2</size>
      </object_component>
      <object_component id="oc-231">
         <name>.common:Lcd_ScreenHeigth</name>
         <uninitialized>true</uninitialized>
         <run_address>0x200009ba</run_address>
         <size>0x2</size>
      </object_component>
      <object_component id="oc-232">
         <name>.common:Lcd_PenSolid</name>
         <uninitialized>true</uninitialized>
         <run_address>0x200009c3</run_address>
         <size>0x1</size>
      </object_component>
      <object_component id="oc-233">
         <name>.common:Lcd_FontSolid</name>
         <uninitialized>true</uninitialized>
         <run_address>0x200009c1</run_address>
         <size>0x1</size>
      </object_component>
      <object_component id="oc-234">
         <name>.common:Lcd_FlagRead</name>
         <uninitialized>true</uninitialized>
         <run_address>0x200009c0</run_address>
         <size>0x1</size>
      </object_component>
      <object_component id="oc-235">
         <name>.common:Lcd_TouchTrim</name>
         <uninitialized>true</uninitialized>
         <run_address>0x200009be</run_address>
         <size>0x2</size>
      </object_component>
      <object_component id="oc-2d">
         <name>.stack</name>
         <uninitialized>true</uninitialized>
         <run_address>0x2000fe00</run_address>
         <size>0x0</size>
         <input_file_ref idref="fl-f3"/>
      </object_component>
      <object_component id="oc-3f4">
         <name>.stack</name>
         <uninitialized>true</uninitialized>
         <run_address>0x2000fe00</run_address>
         <size>0x0</size>
      </object_component>
      <object_component id="oc-124">
         <name>.debug_info</name>
         <load_address>0x0</load_address>
         <run_address>0x0</run_address>
         <size>0x109c</size>
         <input_file_ref idref="fl-2"/>
      </object_component>
      <object_component id="oc-15f">
         <name>.debug_info</name>
         <load_address>0x109c</load_address>
         <run_address>0x109c</run_address>
         <size>0xd8</size>
         <input_file_ref idref="fl-2"/>
      </object_component>
      <object_component id="oc-1a4">
         <name>.debug_info</name>
         <load_address>0x1174</load_address>
         <run_address>0x1174</run_address>
         <size>0xd2</size>
         <input_file_ref idref="fl-2"/>
      </object_component>
      <object_component id="oc-153">
         <name>.debug_info</name>
         <load_address>0x1246</load_address>
         <run_address>0x1246</run_address>
         <size>0xd9</size>
         <input_file_ref idref="fl-2"/>
      </object_component>
      <object_component id="oc-150">
         <name>.debug_info</name>
         <load_address>0x131f</load_address>
         <run_address>0x131f</run_address>
         <size>0xe7</size>
         <input_file_ref idref="fl-2"/>
      </object_component>
      <object_component id="oc-12d">
         <name>.debug_info</name>
         <load_address>0x1406</load_address>
         <run_address>0x1406</run_address>
         <size>0x268</size>
         <input_file_ref idref="fl-2"/>
      </object_component>
      <object_component id="oc-121">
         <name>.debug_info</name>
         <load_address>0x166e</load_address>
         <run_address>0x166e</run_address>
         <size>0xd6</size>
         <input_file_ref idref="fl-2"/>
      </object_component>
      <object_component id="oc-132">
         <name>.debug_info</name>
         <load_address>0x1744</load_address>
         <run_address>0x1744</run_address>
         <size>0xde</size>
         <input_file_ref idref="fl-2"/>
      </object_component>
      <object_component id="oc-135">
         <name>.debug_info</name>
         <load_address>0x1822</load_address>
         <run_address>0x1822</run_address>
         <size>0xdc</size>
         <input_file_ref idref="fl-2"/>
      </object_component>
      <object_component id="oc-156">
         <name>.debug_info</name>
         <load_address>0x18fe</load_address>
         <run_address>0x18fe</run_address>
         <size>0xce</size>
         <input_file_ref idref="fl-2"/>
      </object_component>
      <object_component id="oc-159">
         <name>.debug_info</name>
         <load_address>0x19cc</load_address>
         <run_address>0x19cc</run_address>
         <size>0xce</size>
         <input_file_ref idref="fl-2"/>
      </object_component>
      <object_component id="oc-15c">
         <name>.debug_info</name>
         <load_address>0x1a9a</load_address>
         <run_address>0x1a9a</run_address>
         <size>0xce</size>
         <input_file_ref idref="fl-2"/>
      </object_component>
      <object_component id="oc-181">
         <name>.debug_info</name>
         <load_address>0x1b68</load_address>
         <run_address>0x1b68</run_address>
         <size>0xce</size>
         <input_file_ref idref="fl-2"/>
      </object_component>
      <object_component id="oc-184">
         <name>.debug_info</name>
         <load_address>0x1c36</load_address>
         <run_address>0x1c36</run_address>
         <size>0xce</size>
         <input_file_ref idref="fl-2"/>
      </object_component>
      <object_component id="oc-187">
         <name>.debug_info</name>
         <load_address>0x1d04</load_address>
         <run_address>0x1d04</run_address>
         <size>0xce</size>
         <input_file_ref idref="fl-2"/>
      </object_component>
      <object_component id="oc-18a">
         <name>.debug_info</name>
         <load_address>0x1dd2</load_address>
         <run_address>0x1dd2</run_address>
         <size>0xce</size>
         <input_file_ref idref="fl-2"/>
      </object_component>
      <object_component id="oc-18d">
         <name>.debug_info</name>
         <load_address>0x1ea0</load_address>
         <run_address>0x1ea0</run_address>
         <size>0xce</size>
         <input_file_ref idref="fl-2"/>
      </object_component>
      <object_component id="oc-190">
         <name>.debug_info</name>
         <load_address>0x1f6e</load_address>
         <run_address>0x1f6e</run_address>
         <size>0xce</size>
         <input_file_ref idref="fl-2"/>
      </object_component>
      <object_component id="oc-193">
         <name>.debug_info</name>
         <load_address>0x203c</load_address>
         <run_address>0x203c</run_address>
         <size>0xd0</size>
         <input_file_ref idref="fl-2"/>
      </object_component>
      <object_component id="oc-199">
         <name>.debug_info</name>
         <load_address>0x210c</load_address>
         <run_address>0x210c</run_address>
         <size>0xd2</size>
         <input_file_ref idref="fl-2"/>
      </object_component>
      <object_component id="oc-19c">
         <name>.debug_info</name>
         <load_address>0x21de</load_address>
         <run_address>0x21de</run_address>
         <size>0xd2</size>
         <input_file_ref idref="fl-2"/>
      </object_component>
      <object_component id="oc-7c">
         <name>.debug_info</name>
         <load_address>0x22b0</load_address>
         <run_address>0x22b0</run_address>
         <size>0x186c</size>
         <input_file_ref idref="fl-2"/>
      </object_component>
      <object_component id="oc-271">
         <name>.debug_info</name>
         <load_address>0x3b1c</load_address>
         <run_address>0x3b1c</run_address>
         <size>0x37a3</size>
         <input_file_ref idref="fl-2"/>
      </object_component>
      <object_component id="oc-276">
         <name>.debug_info</name>
         <load_address>0x72bf</load_address>
         <run_address>0x72bf</run_address>
         <size>0x103e</size>
         <input_file_ref idref="fl-2"/>
      </object_component>
      <object_component id="oc-1bf">
         <name>.debug_info</name>
         <load_address>0x82fd</load_address>
         <run_address>0x82fd</run_address>
         <size>0x40a</size>
         <input_file_ref idref="fl-2"/>
      </object_component>
      <object_component id="oc-1b5">
         <name>.debug_info</name>
         <load_address>0x8707</load_address>
         <run_address>0x8707</run_address>
         <size>0x8b</size>
         <input_file_ref idref="fl-2"/>
      </object_component>
      <object_component id="oc-1ba">
         <name>.debug_info</name>
         <load_address>0x8792</load_address>
         <run_address>0x8792</run_address>
         <size>0x18b</size>
         <input_file_ref idref="fl-2"/>
      </object_component>
      <object_component id="oc-27b">
         <name>.debug_info</name>
         <load_address>0x891d</load_address>
         <run_address>0x891d</run_address>
         <size>0x131</size>
         <input_file_ref idref="fl-2"/>
      </object_component>
      <object_component id="oc-83">
         <name>.debug_info</name>
         <load_address>0x8a4e</load_address>
         <run_address>0x8a4e</run_address>
         <size>0x170</size>
         <input_file_ref idref="fl-3"/>
      </object_component>
      <object_component id="oc-2b">
         <name>.debug_info</name>
         <load_address>0x8bbe</load_address>
         <run_address>0x8bbe</run_address>
         <size>0xf3</size>
         <input_file_ref idref="fl-3"/>
      </object_component>
      <object_component id="oc-76">
         <name>.debug_info</name>
         <load_address>0x8cb1</load_address>
         <run_address>0x8cb1</run_address>
         <size>0x25a</size>
         <input_file_ref idref="fl-3"/>
      </object_component>
      <object_component id="oc-8c">
         <name>.debug_info</name>
         <load_address>0x8f0b</load_address>
         <run_address>0x8f0b</run_address>
         <size>0x84</size>
         <input_file_ref idref="fl-3"/>
      </object_component>
      <object_component id="oc-3ba">
         <name>.debug_info</name>
         <load_address>0x8f8f</load_address>
         <run_address>0x8f8f</run_address>
         <size>0x389</size>
         <input_file_ref idref="fl-4"/>
      </object_component>
      <object_component id="oc-1eb">
         <name>.debug_info</name>
         <load_address>0x9318</load_address>
         <run_address>0x9318</run_address>
         <size>0xec</size>
         <input_file_ref idref="fl-4"/>
      </object_component>
      <object_component id="oc-ba">
         <name>.debug_info</name>
         <load_address>0x9404</load_address>
         <run_address>0x9404</run_address>
         <size>0x25e</size>
         <input_file_ref idref="fl-4"/>
      </object_component>
      <object_component id="oc-341">
         <name>.debug_info</name>
         <load_address>0x9662</load_address>
         <run_address>0x9662</run_address>
         <size>0x37a3</size>
         <input_file_ref idref="fl-4"/>
      </object_component>
      <object_component id="oc-287">
         <name>.debug_info</name>
         <load_address>0xce05</load_address>
         <run_address>0xce05</run_address>
         <size>0x205</size>
         <input_file_ref idref="fl-5"/>
      </object_component>
      <object_component id="oc-283">
         <name>.debug_info</name>
         <load_address>0xd00a</load_address>
         <run_address>0xd00a</run_address>
         <size>0xfd</size>
         <input_file_ref idref="fl-5"/>
      </object_component>
      <object_component id="oc-12a">
         <name>.debug_info</name>
         <load_address>0xd107</load_address>
         <run_address>0xd107</run_address>
         <size>0xf2</size>
         <input_file_ref idref="fl-5"/>
      </object_component>
      <object_component id="oc-242">
         <name>.debug_info</name>
         <load_address>0xd1f9</load_address>
         <run_address>0xd1f9</run_address>
         <size>0x350</size>
         <input_file_ref idref="fl-9"/>
      </object_component>
      <object_component id="oc-10c">
         <name>.debug_info</name>
         <load_address>0xd549</load_address>
         <run_address>0xd549</run_address>
         <size>0xf1d</size>
         <input_file_ref idref="fl-9"/>
      </object_component>
      <object_component id="oc-354">
         <name>.debug_info</name>
         <load_address>0xe466</load_address>
         <run_address>0xe466</run_address>
         <size>0x1f0</size>
         <input_file_ref idref="fl-a"/>
      </object_component>
      <object_component id="oc-23c">
         <name>.debug_info</name>
         <load_address>0xe656</load_address>
         <run_address>0xe656</run_address>
         <size>0x93a</size>
         <input_file_ref idref="fl-a"/>
      </object_component>
      <object_component id="oc-2da">
         <name>.debug_info</name>
         <load_address>0xef90</load_address>
         <run_address>0xef90</run_address>
         <size>0x34b</size>
         <input_file_ref idref="fl-b"/>
      </object_component>
      <object_component id="oc-2d7">
         <name>.debug_info</name>
         <load_address>0xf2db</load_address>
         <run_address>0xf2db</run_address>
         <size>0xf6</size>
         <input_file_ref idref="fl-b"/>
      </object_component>
      <object_component id="oc-1ef">
         <name>.debug_info</name>
         <load_address>0xf3d1</load_address>
         <run_address>0xf3d1</run_address>
         <size>0x98d</size>
         <input_file_ref idref="fl-b"/>
      </object_component>
      <object_component id="oc-298">
         <name>.debug_info</name>
         <load_address>0xfd5e</load_address>
         <run_address>0xfd5e</run_address>
         <size>0x330</size>
         <input_file_ref idref="fl-d"/>
      </object_component>
      <object_component id="oc-14b">
         <name>.debug_info</name>
         <load_address>0x1008e</load_address>
         <run_address>0x1008e</run_address>
         <size>0x7a9</size>
         <input_file_ref idref="fl-d"/>
      </object_component>
      <object_component id="oc-294">
         <name>.debug_info</name>
         <load_address>0x10837</load_address>
         <run_address>0x10837</run_address>
         <size>0x2ea</size>
         <input_file_ref idref="fl-f"/>
      </object_component>
      <object_component id="oc-140">
         <name>.debug_info</name>
         <load_address>0x10b21</load_address>
         <run_address>0x10b21</run_address>
         <size>0x615</size>
         <input_file_ref idref="fl-f"/>
      </object_component>
      <object_component id="oc-296">
         <name>.debug_info</name>
         <load_address>0x11136</load_address>
         <run_address>0x11136</run_address>
         <size>0x2af</size>
         <input_file_ref idref="fl-10"/>
      </object_component>
      <object_component id="oc-147">
         <name>.debug_info</name>
         <load_address>0x113e5</load_address>
         <run_address>0x113e5</run_address>
         <size>0xa0f</size>
         <input_file_ref idref="fl-10"/>
      </object_component>
      <object_component id="oc-22f">
         <name>.debug_info</name>
         <load_address>0x11df4</load_address>
         <run_address>0x11df4</run_address>
         <size>0x780</size>
         <input_file_ref idref="fl-11"/>
      </object_component>
      <object_component id="oc-127">
         <name>.debug_info</name>
         <load_address>0x12574</load_address>
         <run_address>0x12574</run_address>
         <size>0x10d</size>
         <input_file_ref idref="fl-11"/>
      </object_component>
      <object_component id="oc-238">
         <name>.debug_info</name>
         <load_address>0x12681</load_address>
         <run_address>0x12681</run_address>
         <size>0xee</size>
         <input_file_ref idref="fl-11"/>
      </object_component>
      <object_component id="oc-103">
         <name>.debug_info</name>
         <load_address>0x1276f</load_address>
         <run_address>0x1276f</run_address>
         <size>0x15ae</size>
         <input_file_ref idref="fl-11"/>
      </object_component>
      <object_component id="oc-34c">
         <name>.debug_info</name>
         <load_address>0x13d1d</load_address>
         <run_address>0x13d1d</run_address>
         <size>0x37a3</size>
         <input_file_ref idref="fl-11"/>
      </object_component>
      <object_component id="oc-3bd">
         <name>.debug_info</name>
         <load_address>0x174c0</load_address>
         <run_address>0x174c0</run_address>
         <size>0x69b</size>
         <input_file_ref idref="fl-12"/>
      </object_component>
      <object_component id="oc-347">
         <name>.debug_info</name>
         <load_address>0x17b5b</load_address>
         <run_address>0x17b5b</run_address>
         <size>0x101</size>
         <input_file_ref idref="fl-12"/>
      </object_component>
      <object_component id="oc-229">
         <name>.debug_info</name>
         <load_address>0x17c5c</load_address>
         <run_address>0x17c5c</run_address>
         <size>0x59b</size>
         <input_file_ref idref="fl-12"/>
      </object_component>
      <object_component id="oc-38d">
         <name>.debug_info</name>
         <load_address>0x181f7</load_address>
         <run_address>0x181f7</run_address>
         <size>0x229</size>
         <input_file_ref idref="fl-13"/>
      </object_component>
      <object_component id="oc-2c6">
         <name>.debug_info</name>
         <load_address>0x18420</load_address>
         <run_address>0x18420</run_address>
         <size>0x100</size>
         <input_file_ref idref="fl-13"/>
      </object_component>
      <object_component id="oc-1aa">
         <name>.debug_info</name>
         <load_address>0x18520</load_address>
         <run_address>0x18520</run_address>
         <size>0x42c</size>
         <input_file_ref idref="fl-13"/>
      </object_component>
      <object_component id="oc-1f8">
         <name>.debug_info</name>
         <load_address>0x1894c</load_address>
         <run_address>0x1894c</run_address>
         <size>0x28b</size>
         <input_file_ref idref="fl-14"/>
      </object_component>
      <object_component id="oc-2df">
         <name>.debug_info</name>
         <load_address>0x18bd7</load_address>
         <run_address>0x18bd7</run_address>
         <size>0x113</size>
         <input_file_ref idref="fl-14"/>
      </object_component>
      <object_component id="oc-2dc">
         <name>.debug_info</name>
         <load_address>0x18cea</load_address>
         <run_address>0x18cea</run_address>
         <size>0x117</size>
         <input_file_ref idref="fl-14"/>
      </object_component>
      <object_component id="oc-1f5">
         <name>.debug_info</name>
         <load_address>0x18e01</load_address>
         <run_address>0x18e01</run_address>
         <size>0x108</size>
         <input_file_ref idref="fl-14"/>
      </object_component>
      <object_component id="oc-c4">
         <name>.debug_info</name>
         <load_address>0x18f09</load_address>
         <run_address>0x18f09</run_address>
         <size>0x1c2</size>
         <input_file_ref idref="fl-14"/>
      </object_component>
      <object_component id="oc-1fd">
         <name>.debug_info</name>
         <load_address>0x190cb</load_address>
         <run_address>0x190cb</run_address>
         <size>0x28b</size>
         <input_file_ref idref="fl-15"/>
      </object_component>
      <object_component id="oc-2e9">
         <name>.debug_info</name>
         <load_address>0x19356</load_address>
         <run_address>0x19356</run_address>
         <size>0x113</size>
         <input_file_ref idref="fl-15"/>
      </object_component>
      <object_component id="oc-2e6">
         <name>.debug_info</name>
         <load_address>0x19469</load_address>
         <run_address>0x19469</run_address>
         <size>0x117</size>
         <input_file_ref idref="fl-15"/>
      </object_component>
      <object_component id="oc-1fa">
         <name>.debug_info</name>
         <load_address>0x19580</load_address>
         <run_address>0x19580</run_address>
         <size>0x108</size>
         <input_file_ref idref="fl-15"/>
      </object_component>
      <object_component id="oc-c7">
         <name>.debug_info</name>
         <load_address>0x19688</load_address>
         <run_address>0x19688</run_address>
         <size>0x1c2</size>
         <input_file_ref idref="fl-15"/>
      </object_component>
      <object_component id="oc-202">
         <name>.debug_info</name>
         <load_address>0x1984a</load_address>
         <run_address>0x1984a</run_address>
         <size>0x28c</size>
         <input_file_ref idref="fl-16"/>
      </object_component>
      <object_component id="oc-2f3">
         <name>.debug_info</name>
         <load_address>0x19ad6</load_address>
         <run_address>0x19ad6</run_address>
         <size>0x116</size>
         <input_file_ref idref="fl-16"/>
      </object_component>
      <object_component id="oc-2f0">
         <name>.debug_info</name>
         <load_address>0x19bec</load_address>
         <run_address>0x19bec</run_address>
         <size>0x11a</size>
         <input_file_ref idref="fl-16"/>
      </object_component>
      <object_component id="oc-1ff">
         <name>.debug_info</name>
         <load_address>0x19d06</load_address>
         <run_address>0x19d06</run_address>
         <size>0x10b</size>
         <input_file_ref idref="fl-16"/>
      </object_component>
      <object_component id="oc-cf">
         <name>.debug_info</name>
         <load_address>0x19e11</load_address>
         <run_address>0x19e11</run_address>
         <size>0x1c7</size>
         <input_file_ref idref="fl-16"/>
      </object_component>
      <object_component id="oc-21b">
         <name>.debug_info</name>
         <load_address>0x19fd8</load_address>
         <run_address>0x19fd8</run_address>
         <size>0x28c</size>
         <input_file_ref idref="fl-17"/>
      </object_component>
      <object_component id="oc-325">
         <name>.debug_info</name>
         <load_address>0x1a264</load_address>
         <run_address>0x1a264</run_address>
         <size>0x116</size>
         <input_file_ref idref="fl-17"/>
      </object_component>
      <object_component id="oc-322">
         <name>.debug_info</name>
         <load_address>0x1a37a</load_address>
         <run_address>0x1a37a</run_address>
         <size>0x11a</size>
         <input_file_ref idref="fl-17"/>
      </object_component>
      <object_component id="oc-218">
         <name>.debug_info</name>
         <load_address>0x1a494</load_address>
         <run_address>0x1a494</run_address>
         <size>0x10b</size>
         <input_file_ref idref="fl-17"/>
      </object_component>
      <object_component id="oc-ec">
         <name>.debug_info</name>
         <load_address>0x1a59f</load_address>
         <run_address>0x1a59f</run_address>
         <size>0x1c7</size>
         <input_file_ref idref="fl-17"/>
      </object_component>
      <object_component id="oc-211">
         <name>.debug_info</name>
         <load_address>0x1a766</load_address>
         <run_address>0x1a766</run_address>
         <size>0x28c</size>
         <input_file_ref idref="fl-18"/>
      </object_component>
      <object_component id="oc-311">
         <name>.debug_info</name>
         <load_address>0x1a9f2</load_address>
         <run_address>0x1a9f2</run_address>
         <size>0x116</size>
         <input_file_ref idref="fl-18"/>
      </object_component>
      <object_component id="oc-30e">
         <name>.debug_info</name>
         <load_address>0x1ab08</load_address>
         <run_address>0x1ab08</run_address>
         <size>0x11a</size>
         <input_file_ref idref="fl-18"/>
      </object_component>
      <object_component id="oc-20e">
         <name>.debug_info</name>
         <load_address>0x1ac22</load_address>
         <run_address>0x1ac22</run_address>
         <size>0x10b</size>
         <input_file_ref idref="fl-18"/>
      </object_component>
      <object_component id="oc-e1">
         <name>.debug_info</name>
         <load_address>0x1ad2d</load_address>
         <run_address>0x1ad2d</run_address>
         <size>0x1c7</size>
         <input_file_ref idref="fl-18"/>
      </object_component>
      <object_component id="oc-216">
         <name>.debug_info</name>
         <load_address>0x1aef4</load_address>
         <run_address>0x1aef4</run_address>
         <size>0x28e</size>
         <input_file_ref idref="fl-19"/>
      </object_component>
      <object_component id="oc-31b">
         <name>.debug_info</name>
         <load_address>0x1b182</load_address>
         <run_address>0x1b182</run_address>
         <size>0x11c</size>
         <input_file_ref idref="fl-19"/>
      </object_component>
      <object_component id="oc-318">
         <name>.debug_info</name>
         <load_address>0x1b29e</load_address>
         <run_address>0x1b29e</run_address>
         <size>0x120</size>
         <input_file_ref idref="fl-19"/>
      </object_component>
      <object_component id="oc-213">
         <name>.debug_info</name>
         <load_address>0x1b3be</load_address>
         <run_address>0x1b3be</run_address>
         <size>0x111</size>
         <input_file_ref idref="fl-19"/>
      </object_component>
      <object_component id="oc-e7">
         <name>.debug_info</name>
         <load_address>0x1b4cf</load_address>
         <run_address>0x1b4cf</run_address>
         <size>0x1d1</size>
         <input_file_ref idref="fl-19"/>
      </object_component>
      <object_component id="oc-207">
         <name>.debug_info</name>
         <load_address>0x1b6a0</load_address>
         <run_address>0x1b6a0</run_address>
         <size>0x28c</size>
         <input_file_ref idref="fl-1a"/>
      </object_component>
      <object_component id="oc-2fd">
         <name>.debug_info</name>
         <load_address>0x1b92c</load_address>
         <run_address>0x1b92c</run_address>
         <size>0x116</size>
         <input_file_ref idref="fl-1a"/>
      </object_component>
      <object_component id="oc-2fa">
         <name>.debug_info</name>
         <load_address>0x1ba42</load_address>
         <run_address>0x1ba42</run_address>
         <size>0x11a</size>
         <input_file_ref idref="fl-1a"/>
      </object_component>
      <object_component id="oc-204">
         <name>.debug_info</name>
         <load_address>0x1bb5c</load_address>
         <run_address>0x1bb5c</run_address>
         <size>0x10b</size>
         <input_file_ref idref="fl-1a"/>
      </object_component>
      <object_component id="oc-d4">
         <name>.debug_info</name>
         <load_address>0x1bc67</load_address>
         <run_address>0x1bc67</run_address>
         <size>0x1c7</size>
         <input_file_ref idref="fl-1a"/>
      </object_component>
      <object_component id="oc-225">
         <name>.debug_info</name>
         <load_address>0x1be2e</load_address>
         <run_address>0x1be2e</run_address>
         <size>0x28d</size>
         <input_file_ref idref="fl-1b"/>
      </object_component>
[...]
         <object_component_ref idref="oc-114"/>
      </symbol>
      <symbol id="sm-810">
         <name>GPIO_setAsPeripheralModuleFunctionOutputPin</name>
         <value>0x379d</value>
         <object_component_ref idref="oc-114"/>
      </symbol>
      <symbol id="sm-811">
         <name>GPIO_getInputPinValue</name>
         <value>0x39af</value>
         <object_component_ref idref="oc-114"/>
      </symbol>
      <symbol id="sm-812">
         <name>GPIO_setAsPeripheralModuleFunctionInputPin</name>
         <value>0x3821</value>
         <object_component_ref idref="oc-114"/>
      </symbol>
      <symbol id="sm-813">
         <name>GPIO_registerInterrupt</name>
         <value>0x3b57</value>
         <object_component_ref idref="oc-114"/>
      </symbol>
      <symbol id="sm-814">
         <name>GPIO_disableInterrupt</name>
         <value>0x39ff</value>
         <object_component_ref idref="oc-114"/>
      </symbol>
      <symbol id="sm-898">
         <name>Interrupt_disableMaster</name>
         <value>0x4003</value>
         <object_component_ref idref="oc-11a"/>
      </symbol>
      <symbol id="sm-899">
         <name>Interrupt_disableInterrupt</name>
         <value>0x41b3</value>
         <object_component_ref idref="oc-11a"/>
      </symbol>
      <symbol id="sm-89a">
         <name>Interrupt_getPriorityMask</name>
         <value>0x437f</value>
         <object_component_ref idref="oc-11a"/>
      </symbol>
      <symbol id="sm-89b">
         <name>Interrupt_unpendInterrupt</name>
         <value>0x4321</value>
         <object_component_ref idref="oc-11a"/>
      </symbol>
      <symbol id="sm-89c">
         <name>Interrupt_setPriorityMask</name>
         <value>0x436f</value>
         <object_component_ref idref="oc-11a"/>
      </symbol>
      <symbol id="sm-89d">
         <name>Interrupt_unregisterInterrupt</name>
         <value>0x4065</value>
         <object_component_ref idref="oc-11a"/>
      </symbol>
      <symbol id="sm-89e">
         <name>Interrupt_setVectorTableAddress</name>
         <value>0x4389</value>
         <object_component_ref idref="oc-11a"/>
      </symbol>
      <symbol id="sm-89f">
         <name>Interrupt_setPriority</name>
         <value>0x40cb</value>
         <object_component_ref idref="oc-11a"/>
      </symbol>
      <symbol id="sm-8a0">
         <name>Interrupt_enableSleepOnIsrExit</name>
         <value>0x439f</value>
         <object_component_ref idref="oc-11a"/>
      </symbol>
      <symbol id="sm-8a1">
         <name>Interrupt_enableMaster</name>
         <value>0x3ff3</value>
         <object_component_ref idref="oc-11a"/>
      </symbol>
      <symbol id="sm-8a2">
         <name>Interrupt_enableInterrupt</name>
         <value>0x4141</value>
         <object_component_ref idref="oc-11a"/>
      </symbol>
      <symbol id="sm-8a3">
         <name>Interrupt_getPriority</name>
         <value>0x411b</value>
         <object_component_ref idref="oc-11a"/>
      </symbol>
      <symbol id="sm-8a4">
         <name>Interrupt_registerInterrupt</name>
         <value>0x4013</value>
         <object_component_ref idref="oc-11a"/>
      </symbol>
      <symbol id="sm-8a5">
         <name>g_pfnRAMVectors</name>
         <value>0x20000000</value>
         <object_component_ref idref="oc-256"/>
      </symbol>
      <symbol id="sm-8a6">
         <name>Interrupt_disableSleepOnIsrExit</name>
         <value>0x43b1</value>
         <object_component_ref idref="oc-11a"/>
      </symbol>
      <symbol id="sm-8a7">
         <name>Interrupt_setPriorityGrouping</name>
         <value>0x4079</value>
         <object_component_ref idref="oc-11a"/>
      </symbol>
      <symbol id="sm-8a8">
         <name>Interrupt_getPriorityGrouping</name>
         <value>0x4093</value>
         <object_component_ref idref="oc-11a"/>
      </symbol>
      <symbol id="sm-8a9">
         <name>Interrupt_getVectorTableAddress</name>
         <value>0x4399</value>
         <object_component_ref idref="oc-11a"/>
      </symbol>
      <symbol id="sm-8aa">
         <name>Interrupt_isEnabled</name>
         <value>0x4225</value>
         <object_component_ref idref="oc-11a"/>
      </symbol>
      <symbol id="sm-8ab">
         <name>Interrupt_pendInterrupt</name>
         <value>0x42b1</value>
         <object_component_ref idref="oc-11a"/>
      </symbol>
      <symbol id="sm-937">
         <name>EUSCI_B_SPI_isBusy</name>
         <value>0x23f7</value>
         <object_component_ref idref="oc-fc"/>
      </symbol>
      <symbol id="sm-938">
         <name>EUSCI_B_SPI_select4PinFunctionality</name>
         <value>0x2245</value>
         <object_component_ref idref="oc-fc"/>
      </symbol>
      <symbol id="sm-939">
         <name>EUSCI_A_SPI_select4PinFunctionality</name>
         <value>0x240f</value>
         <object_component_ref idref="oc-fc"/>
      </symbol>
      <symbol id="sm-93a">
         <name>SPI_initSlave</name>
         <value>0x1e85</value>
         <object_component_ref idref="oc-fc"/>
      </symbol>
      <symbol id="sm-93b">
         <name>EUSCI_B_SPI_receiveData</name>
         <value>0x2339</value>
         <object_component_ref idref="oc-fc"/>
      </symbol>
      <symbol id="sm-93c">
         <name>EUSCI_A_SPI_changeClockPhasePolarity</name>
         <value>0x24af</value>
         <object_component_ref idref="oc-fc"/>
      </symbol>
      <symbol id="sm-93d">
         <name>EUSCI_A_SPI_enableInterrupt</name>
         <value>0x2517</value>
         <object_component_ref idref="oc-fc"/>
      </symbol>
      <symbol id="sm-93e">
         <name>SPI_changeClockPhasePolarity</name>
         <value>0x1f03</value>
         <object_component_ref idref="oc-fc"/>
      </symbol>
      <symbol id="sm-93f">
         <name>EUSCI_B_SPI_masterChangeClock</name>
         <value>0x2265</value>
         <object_component_ref idref="oc-fc"/>
      </symbol>
      <symbol id="sm-940">
         <name>EUSCI_A_SPI_disable</name>
         <value>0x2593</value>
         <object_component_ref idref="oc-fc"/>
      </symbol>
      <symbol id="sm-941">
         <name>EUSCI_A_SPI_getInterruptStatus</name>
         <value>0x254b</value>
         <object_component_ref idref="oc-fc"/>
      </symbol>
      <symbol id="sm-942">
         <name>EUSCI_B_SPI_getInterruptStatus</name>
         <value>0x237d</value>
         <object_component_ref idref="oc-fc"/>
      </symbol>
      <symbol id="sm-943">
         <name>EUSCI_A_SPI_getTransmitBufferAddressForDMA</name>
         <value>0x25b7</value>
         <object_component_ref idref="oc-fc"/>
      </symbol>
      <symbol id="sm-944">
         <name>EUSCI_B_SPI_enable</name>
         <value>0x23af</value>
         <object_component_ref idref="oc-fc"/>
      </symbol>
      <symbol id="sm-945">
         <name>SPI_enableModule</name>
         <value>0x1f75</value>
         <object_component_ref idref="oc-fc"/>
      </symbol>
      <symbol id="sm-946">
         <name>EUSCI_A_SPI_receiveData</name>
         <value>0x2507</value>
         <object_component_ref idref="oc-fc"/>
      </symbol>
      <symbol id="sm-947">
         <name>EUSCI_A_SPI_transmitData</name>
         <value>0x24f1</value>
         <object_component_ref idref="oc-fc"/>
      </symbol>
      <symbol id="sm-948">
         <name>SPI_disableModule</name>
         <value>0x1f91</value>
         <object_component_ref idref="oc-fc"/>
      </symbol>
      <symbol id="sm-949">
         <name>EUSCI_B_SPI_getReceiveBufferAddressForDMA</name>
         <value>0x23db</value>
         <object_component_ref idref="oc-fc"/>
      </symbol>
      <symbol id="sm-94a">
         <name>SPI_changeMasterClock</name>
         <value>0x1e5d</value>
         <object_component_ref idref="oc-fc"/>
      </symbol>
      <symbol id="sm-94b">
         <name>EUSCI_B_SPI_disableInterrupt</name>
         <value>0x2363</value>
         <object_component_ref idref="oc-fc"/>
      </symbol>
      <symbol id="sm-94c">
         <name>EUSCI_B_SPI_disable</name>
         <value>0x23c5</value>
         <object_component_ref idref="oc-fc"/>
      </symbol>
      <symbol id="sm-94d">
         <name>SPI_selectFourPinFunctionality</name>
         <value>0x1e37</value>
         <object_component_ref idref="oc-fc"/>
      </symbol>
      <symbol id="sm-94e">
         <name>SPI_clearInterruptFlag</name>
         <value>0x20b5</value>
         <object_component_ref idref="oc-fc"/>
      </symbol>
      <symbol id="sm-94f">
         <name>SPI_registerInterrupt</name>
         <value>0x20db</value>
         <object_component_ref idref="oc-fc"/>
      </symbol>
      <symbol id="sm-950">
         <name>EUSCI_B_SPI_changeClockPhasePolarity</name>
         <value>0x22e1</value>
         <object_component_ref idref="oc-fc"/>
      </symbol>
      <symbol id="sm-951">
         <name>EUSCI_B_SPI_transmitData</name>
         <value>0x2323</value>
         <object_component_ref idref="oc-fc"/>
      </symbol>
      <symbol id="sm-952">
         <name>SPI_isBusy</name>
         <value>0x1ff5</value>
         <object_component_ref idref="oc-fc"/>
      </symbol>
      <symbol id="sm-953">
         <name>EUSCI_B_SPI_clearInterruptFlag</name>
         <value>0x2395</value>
         <object_component_ref idref="oc-fc"/>
      </symbol>
      <symbol id="sm-954">
         <name>EUSCI_A_SPI_clearInterruptFlag</name>
         <value>0x2563</value>
         <object_component_ref idref="oc-fc"/>
      </symbol>
      <symbol id="sm-955">
         <name>SPI_transmitData</name>
         <value>0x1f33</value>
         <object_component_ref idref="oc-fc"/>
      </symbol>
      <symbol id="sm-956">
         <name>SPI_getReceiveBufferAddressForDMA</name>
         <value>0x1fad</value>
         <object_component_ref idref="oc-fc"/>
      </symbol>
      <symbol id="sm-957">
         <name>SPI_getTransmitBufferAddressForDMA</name>
         <value>0x1fc9</value>
         <object_component_ref idref="oc-fc"/>
      </symbol>
      <symbol id="sm-958">
         <name>EUSCI_A_SPI_enable</name>
         <value>0x257d</value>
         <object_component_ref idref="oc-fc"/>
      </symbol>
      <symbol id="sm-959">
         <name>EUSCI_B_SPI_enableInterrupt</name>
         <value>0x2349</value>
         <object_component_ref idref="oc-fc"/>
      </symbol>
      <symbol id="sm-95a">
         <name>SPI_receiveData</name>
         <value>0x1f59</value>
         <object_component_ref idref="oc-fc"/>
      </symbol>
      <symbol id="sm-95b">
         <name>EUSCI_A_SPI_getReceiveBufferAddressForDMA</name>
         <value>0x25a9</value>
         <object_component_ref idref="oc-fc"/>
      </symbol>
      <symbol id="sm-95c">
         <name>SPI_getInterruptStatus</name>
         <value>0x205d</value>
         <object_component_ref idref="oc-fc"/>
      </symbol>
      <symbol id="sm-95d">
         <name>EUSCI_A_SPI_slaveInit</name>
         <value>0x2465</value>
         <object_component_ref idref="oc-fc"/>
      </symbol>
      <symbol id="sm-95e">
         <name>EUSCI_B_SPI_slaveInit</name>
         <value>0x2297</value>
         <object_component_ref idref="oc-fc"/>
      </symbol>
      <symbol id="sm-95f">
         <name>SPI_initMaster</name>
         <value>0x1d71</value>
         <object_component_ref idref="oc-fc"/>
      </symbol>
      <symbol id="sm-960">
         <name>SPI_getEnabledInterruptStatus</name>
         <value>0x2085</value>
         <object_component_ref idref="oc-fc"/>
      </symbol>
      <symbol id="sm-961">
         <name>EUSCI_B_SPI_getTransmitBufferAddressForDMA</name>
         <value>0x23e9</value>
         <object_component_ref idref="oc-fc"/>
      </symbol>
      <symbol id="sm-962">
         <name>EUSCI_A_SPI_disableInterrupt</name>
         <value>0x2531</value>
         <object_component_ref idref="oc-fc"/>
      </symbol>
      <symbol id="sm-963">
         <name>SPI_unregisterInterrupt</name>
         <value>0x2199</value>
         <object_component_ref idref="oc-fc"/>
      </symbol>
      <symbol id="sm-964">
         <name>EUSCI_A_SPI_masterChangeClock</name>
         <value>0x242f</value>
         <object_component_ref idref="oc-fc"/>
      </symbol>
      <symbol id="sm-965">
         <name>EUSCI_A_SPI_isBusy</name>
         <value>0x25c5</value>
         <object_component_ref idref="oc-fc"/>
      </symbol>
      <symbol id="sm-966">
         <name>SPI_enableInterrupt</name>
         <value>0x2011</value>
         <object_component_ref idref="oc-fc"/>
      </symbol>
      <symbol id="sm-967">
         <name>SPI_disableInterrupt</name>
         <value>0x2037</value>
         <object_component_ref idref="oc-fc"/>
      </symbol>
      <symbol id="sm-983">
         <name>atoi</name>
         <value>0x5739</value>
         <object_component_ref idref="oc-161"/>
      </symbol>
      <symbol id="sm-994">
         <name>_c_int00</name>
         <value>0x5691</value>
         <object_component_ref idref="oc-24"/>
      </symbol>
      <symbol id="sm-995">
         <name>__stack</name>
         <value>0x2000fe00</value>
         <object_component_ref idref="oc-2d"/>
      </symbol>
      <symbol id="sm-9ac">
         <name>__TI_decompress_none</name>
         <value>0x5a23</value>
         <object_component_ref idref="oc-12"/>
      </symbol>
      <symbol id="sm-9d4">
         <name>__TI_decompress_rle24</name>
         <value>0x5a31</value>
         <object_component_ref idref="oc-18"/>
      </symbol>
      <symbol id="sm-9e0">
         <name>_ctypes_</name>
         <value>0xa3ba</value>
         <object_component_ref idref="oc-2a6"/>
      </symbol>
      <symbol id="sm-a01">
         <name>C$$EXIT</name>
         <value>0x56e5</value>
         <object_component_ref idref="oc-6b"/>
      </symbol>
      <symbol id="sm-a02">
         <name>abort</name>
         <value>0x56e9</value>
         <object_component_ref idref="oc-6b"/>
      </symbol>
      <symbol id="sm-a03">
         <name>exit</name>
         <value>0x56f1</value>
         <object_component_ref idref="oc-6b"/>
      </symbol>
      <symbol id="sm-a04">
         <name>__TI_dtors_ptr</name>
         <value>0x20000560</value>
         <object_component_ref idref="oc-ae"/>
      </symbol>
      <symbol id="sm-a05">
         <name>__TI_cleanup_ptr</name>
         <value>0x2000055c</value>
         <object_component_ref idref="oc-ae"/>
      </symbol>
      <symbol id="sm-a06">
         <name>__TI_enable_exit_profile_output</name>
         <value>0x20000564</value>
         <object_component_ref idref="oc-ae"/>
      </symbol>
      <symbol id="sm-a1d">
         <name>__aeabi_dsub</name>
         <value>0x4caf</value>
         <object_component_ref idref="oc-176"/>
      </symbol>
      <symbol id="sm-a1e">
         <name>__aeabi_dadd</name>
         <value>0x4cb9</value>
         <object_component_ref idref="oc-176"/>
      </symbol>
      <symbol id="sm-a40">
         <name>__aeabi_cdcmpeq</name>
         <value>0x542d</value>
         <object_component_ref idref="oc-19e"/>
      </symbol>
      <symbol id="sm-a41">
         <name>__aeabi_cdcmple</name>
         <value>0x542d</value>
         <object_component_ref idref="oc-19e"/>
      </symbol>
      <symbol id="sm-a42">
         <name>__aeabi_cdrcmple</name>
         <value>0x54b3</value>
         <object_component_ref idref="oc-1ac"/>
      </symbol>
      <symbol id="sm-a56">
         <name>__aeabi_ddiv</name>
         <value>0x4e65</value>
         <object_component_ref idref="oc-16c"/>
      </symbol>
      <symbol id="sm-a61">
         <name>__aeabi_dmul</name>
         <value>0x51d9</value>
         <object_component_ref idref="oc-171"/>
      </symbol>
      <symbol id="sm-a6b">
         <name>__aeabi_d2iz</name>
         <value>0x57d1</value>
         <object_component_ref idref="oc-17b"/>
      </symbol>
      <symbol id="sm-a75">
         <name>__aeabi_i2d</name>
         <value>0x5857</value>
         <object_component_ref idref="oc-167"/>
      </symbol>
      <symbol id="sm-a90">
         <name>memcpy</name>
         <value>0x5391</value>
         <object_component_ref idref="oc-2e"/>
      </symbol>
      <symbol id="sm-a91">
         <name>__aeabi_memcpy</name>
         <value>0x5391</value>
         <object_component_ref idref="oc-2e"/>
      </symbol>
      <symbol id="sm-a92">
         <name>__aeabi_memcpy8</name>
         <value>0x5391</value>
         <object_component_ref idref="oc-2e"/>
      </symbol>
      <symbol id="sm-a93">
         <name>__aeabi_memcpy4</name>
         <value>0x5391</value>
         <object_component_ref idref="oc-2e"/>
      </symbol>
      <symbol id="sm-aa2">
         <name>__aeabi_memset</name>
         <value>0x553b</value>
         <object_component_ref idref="oc-47"/>
      </symbol>
      <symbol id="sm-aa3">
         <name>memset</name>
         <value>0x5541</value>
         <object_component_ref idref="oc-47"/>
      </symbol>
      <symbol id="sm-aa4">
         <name>__aeabi_memset8</name>
         <value>0x553b</value>
         <object_component_ref idref="oc-47"/>
      </symbol>
      <symbol id="sm-aa5">
         <name>__aeabi_memset4</name>
         <value>0x553b</value>
         <object_component_ref idref="oc-47"/>
      </symbol>
      <symbol id="sm-aa6">
         <name>__aeabi_memclr8</name>
         <value>0x5539</value>
         <object_component_ref idref="oc-47"/>
      </symbol>
      <symbol id="sm-aa7">
         <name>__aeabi_memclr4</name>
         <value>0x5539</value>
         <object_component_ref idref="oc-47"/>
      </symbol>
      <symbol id="sm-aa8">
         <name>__aeabi_memclr</name>
         <value>0x5539</value>
         <object_component_ref idref="oc-47"/>
      </symbol>
      <symbol id="sm-ab2">
         <name>__mpu_init</name>
         <value>0x3fef</value>
         <object_component_ref idref="oc-53"/>
      </symbol>
      <symbol id="sm-abc">
         <name>_system_pre_init</name>
         <value>0x5a37</value>
         <object_component_ref idref="oc-59"/>
      </symbol>
      <symbol id="sm-ac4">
         <name>main_func_sp</name>
         <value>0x20000570</value>
         <object_component_ref idref="oc-71"/>
      </symbol>
      <symbol id="sm-add">
         <name>_nop</name>
         <value>0x5a0b</value>
         <object_component_ref idref="oc-1de"/>
      </symbol>
      <symbol id="sm-ade">
         <name>_lock</name>
         <value>0x20000568</value>
         <object_component_ref idref="oc-b1"/>
      </symbol>
      <symbol id="sm-adf">
         <name>_unlock</name>
         <value>0x2000056c</value>
         <object_component_ref idref="oc-b1"/>
      </symbol>
      <symbol id="sm-ae0">
         <name>_register_lock</name>
         <value>0x5a03</value>
         <object_component_ref idref="oc-1de"/>
      </symbol>
      <symbol id="sm-ae1">
         <name>_register_unlock</name>
         <value>0x59fd</value>
         <object_component_ref idref="oc-1de"/>
      </symbol>
      <symbol id="sm-af5">
         <name>_args_main</name>
         <value>0x59e5</value>
         <object_component_ref idref="oc-65"/>
      </symbol>
      <symbol id="sm-b1a">
         <name>__TI_auto_init</name>
         <value>0x55b5</value>
         <object_component_ref idref="oc-5f"/>
      </symbol>
      <symbol id="sm-b34">
         <name>copy_in</name>
         <value>0x5785</value>
         <object_component_ref idref="oc-9e"/>
      </symbol>
      <symbol id="sm-b3e">
         <name>_system_post_cinit</name>
         <value>0x471f</value>
         <object_component_ref idref="oc-a4"/>
      </symbol>
      <symbol id="sm-b3f">
         <name>__TI_static_base__</name>
         <value>0x0</value>
      </symbol>
      <symbol id="sm-b42">
         <name>SHT$$INIT_ARRAY$$Limit</name>
         <value>0x0</value>
      </symbol>
      <symbol id="sm-b43">
         <name>SHT$$INIT_ARRAY$$Base</name>
         <value>0x0</value>
      </symbol>
   </symbol_table>
   <title>Link successful</title>
</link_info>
